{
  "version": "1.5.0",
  "plugins_used": [
    {
      "name": "ArtifactoryDetector"
    },
    {
      "name": "AWSKeyDetector"
    },
    {
      "name": "AzureStorageKeyDetector"
    },
    {
      "name": "Base64HighEntropyString",
      "limit": 4.5
    },
    {
      "name": "BasicAuthDetector"
    },
    {
      "name": "CloudantDetector"
    },
    {
      "name": "DiscordBotTokenDetector"
    },
    {
      "name": "GitHubTokenDetector"
    },
    {
      "name": "GitLabTokenDetector"
    },
    {
      "name": "HexHighEntropyString",
      "limit": 3.0
    },
    {
      "name": "IbmCloudIamDetector"
    },
    {
      "name": "IbmCosHmacDetector"
    },
    {
      "name": "IPPublicDetector"
    },
    {
      "name": "JwtTokenDetector"
    },
    {
      "name": "KeywordDetector",
      "keyword_exclude": ""
    },
    {
      "name": "MailchimpDetector"
    },
    {
      "name": "NpmDetector"
    },
    {
      "name": "OpenAIDetector"
    },
    {
      "name": "PrivateKeyDetector"
    },
    {
      "name": "PypiTokenDetector"
    },
    {
      "name": "SendGridDetector"
    },
    {
      "name": "SlackDetector"
    },
    {
      "name": "SoftlayerDetector"
    },
    {
      "name": "SquareOAuthDetector"
    },
    {
      "name": "StripeDetector"
    },
    {
      "name": "TelegramBotTokenDetector"
    },
    {
      "name": "TwilioKeyDetector"
    }
  ],
  "filters_used": [
    {
      "path": "detect_secrets.filters.allowlist.is_line_allowlisted"
    },
    {
      "path": "detect_secrets.filters.common.is_baseline_file",
      "filename": ".secrets.baseline"
    },
    {
      "path": "detect_secrets.filters.common.is_ignored_due_to_verification_policies",
      "min_level": 2
    },
    {
      "path": "detect_secrets.filters.heuristic.is_indirect_reference"
    },
    {
      "path": "detect_secrets.filters.heuristic.is_likely_id_string"
    },
    {
      "path": "detect_secrets.filters.heuristic.is_lock_file"
    },
    {
      "path": "detect_secrets.filters.heuristic.is_not_alphanumeric_string"
    },
    {
      "path": "detect_secrets.filters.heuristic.is_potential_uuid"
    },
    {
      "path": "detect_secrets.filters.heuristic.is_prefixed_with_dollar_sign"
    },
    {
      "path": "detect_secrets.filters.heuristic.is_sequential_string"
    },
    {
      "path": "detect_secrets.filters.heuristic.is_swagger_file"
    },
    {
      "path": "detect_secrets.filters.heuristic.is_templated_secret"
    }
  ],
  "results": {
    ".env.example": [
      {
        "type": "Basic Auth Credentials",
        "filename": ".env.example",
        "hashed_secret": "7205a0abf00d1daec13c63ece029057c974795a9",
        "is_verified": false,
        "line_number": 21,
        "is_secret": false
      }
    ],
    ".github/workflows/ci.yml": [
      {
        "type": "Basic Auth Credentials",
        "filename": ".github/workflows/ci.yml",
        "hashed_secret": "5ba1dc40a39537b9ab1cec098c4068a49b5bde7d",
        "is_verified": false,
        "line_number": 35,
        "is_secret": false
      },
      {
        "type": "Secret Keyword",
        "filename": ".github/workflows/ci.yml",
        "hashed_secret": "e8a252953b78cdb9de4c1f6db6df2d509416e465",
        "is_verified": false,
        "line_number": 84,
        "is_secret": false
      },
      {
        "type": "Secret Keyword",
        "filename": ".github/workflows/ci.yml",
        "hashed_secret": "5ba1dc40a39537b9ab1cec098c4068a49b5bde7d",
        "is_verified": false,
        "line_number": 232,
        "is_secret": false
      }
    ],
    "android/aura-clinic/app/src/test/java/com/actionaura/clinic/licensing/Ed25519CrossVerifyTest.kt": [
      {
        "type": "Base64 High Entropy String",
        "filename": "android/aura-clinic/app/src/test/java/com/actionaura/clinic/licensing/Ed25519CrossVerifyTest.kt",
        "hashed_secret": "772abb9af82b9856d13bca32c1b501df5d6f4b54",
        "is_verified": false,
        "line_number": 83,
        "is_secret": false
      },
      {
        "type": "Base64 High Entropy String",
        "filename": "android/aura-clinic/app/src/test/java/com/actionaura/clinic/licensing/Ed25519CrossVerifyTest.kt",
        "hashed_secret": "6001693ac2b2aaa3d9a2fad6a01ee31343edfaa4",
        "is_verified": false,
        "line_number": 84,
        "is_secret": false
      },
      {
        "type": "Base64 High Entropy String",
        "filename": "android/aura-clinic/app/src/test/java/com/actionaura/clinic/licensing/Ed25519CrossVerifyTest.kt",
        "hashed_secret": "c51000093c5c082a4e48b61f5ab56e1d5df9b120",
        "is_verified": false,
        "line_number": 85,
        "is_secret": false
      }
    ],
    "android/aura-clinic/app/src/test/java/com/actionaura/clinic/net/PaymentContractTest.kt": [
      {
        "type": "Secret Keyword",
        "filename": "android/aura-clinic/app/src/test/java/com/actionaura/clinic/net/PaymentContractTest.kt",
        "hashed_secret": "3c2c80b3ea96ab530adbbe4d6b9862bbb1a3e5cc",
        "is_verified": false,
        "line_number": 123,
        "is_secret": false
      }
    ],
    "android/aura-clinic/keystore.properties.template": [
      {
        "type": "Secret Keyword",
        "filename": "android/aura-clinic/keystore.properties.template",
        "hashed_secret": "7205a0abf00d1daec13c63ece029057c974795a9",
        "is_verified": false,
        "line_number": 14,
        "is_secret": false
      }
    ],
    "android/aura-retail/app/src/test/java/com/actionaura/retail/licensing/Ed25519CrossVerifyTest.kt": [
      {
        "type": "Base64 High Entropy String",
        "filename": "android/aura-retail/app/src/test/java/com/actionaura/retail/licensing/Ed25519CrossVerifyTest.kt",
        "hashed_secret": "772abb9af82b9856d13bca32c1b501df5d6f4b54",
        "is_verified": false,
        "line_number": 83,
        "is_secret": false
      },
      {
        "type": "Base64 High Entropy String",
        "filename": "android/aura-retail/app/src/test/java/com/actionaura/retail/licensing/Ed25519CrossVerifyTest.kt",
        "hashed_secret": "6001693ac2b2aaa3d9a2fad6a01ee31343edfaa4",
        "is_verified": false,
        "line_number": 84,
        "is_secret": false
      },
      {
        "type": "Base64 High Entropy String",
        "filename": "android/aura-retail/app/src/test/java/com/actionaura/retail/licensing/Ed25519CrossVerifyTest.kt",
        "hashed_secret": "c51000093c5c082a4e48b61f5ab56e1d5df9b120",
        "is_verified": false,
        "line_number": 85,
        "is_secret": false
      }
    ],
    "android/aura-retail/keystore.properties.template": [
      {
        "type": "Secret Keyword",
        "filename": "android/aura-retail/keystore.properties.template",
        "hashed_secret": "7205a0abf00d1daec13c63ece029057c974795a9",
        "is_verified": false,
        "line_number": 14,
        "is_secret": false
      }
    ],
    "commercial_runtime/einvoicing/tests/test_audit.py": [
      {
        "type": "Secret Keyword",
        "filename": "commercial_runtime/einvoicing/tests/test_audit.py",
        "hashed_secret": "c6074a378f5827b9b90f58db5f32dc5530179aef",
        "is_verified": false,
        "line_number": 94,
        "is_secret": false
      }
    ],
    "commercial_runtime/einvoicing/tests/test_credentials.py": [
      {
        "type": "Secret Keyword",
        "filename": "commercial_runtime/einvoicing/tests/test_credentials.py",
        "hashed_secret": "c8d2039adc61d22483796776b6481ab3c78339eb",
        "is_verified": false,
        "line_number": 14,
        "is_secret": false
      }
    ],
    "commercial_runtime/einvoicing/tests/test_routes.py": [
      {
        "type": "Secret Keyword",
        "filename": "commercial_runtime/einvoicing/tests/test_routes.py",
        "hashed_secret": "fe1bae27cb7c1fb823f496f286e78f1d2ae87734",
        "is_verified": false,
        "line_number": 39,
        "is_secret": false
      }
    ],
    "commercial_runtime/licensing_contracts/tests/test_internal_sync_routes.py": [
      {
        "type": "Secret Keyword",
        "filename": "commercial_runtime/licensing_contracts/tests/test_internal_sync_routes.py",
        "hashed_secret": "c3c07c7bce1c26066f70e27ba858cb026e61b435",
        "is_verified": false,
        "line_number": 20,
        "is_secret": false
      },
      {
        "type": "Secret Keyword",
        "filename": "commercial_runtime/licensing_contracts/tests/test_internal_sync_routes.py",
        "hashed_secret": "7deeb1b520a95d17eb2f4cf59b05d5c5f9e71e4d",
        "is_verified": false,
        "line_number": 157,
        "is_secret": false
      }
    ],
    "commercial_runtime/security/app_secret.py": [
      {
        "type": "Secret Keyword",
        "filename": "commercial_runtime/security/app_secret.py",
        "hashed_secret": "b8350d6ec1d21916ad3e0ac5cfc0905e76bbbfd1",
        "is_verified": false,
        "line_number": 27,
        "is_secret": false
      }
    ],
    "commercial_runtime/security/audit.py": [
      {
        "type": "Secret Keyword",
        "filename": "commercial_runtime/security/audit.py",
        "hashed_secret": "2a72d58390f098e834c421cca3fad5d09c0fe74f",
        "is_verified": false,
        "line_number": 29,
        "is_secret": false
      },
      {
        "type": "Secret Keyword",
        "filename": "commercial_runtime/security/audit.py",
        "hashed_secret": "630254b80e05ea9a12bb7f4f5599c840eb6eefd1",
        "is_verified": false,
        "line_number": 30,
        "is_secret": false
      }
    ],
    "docs/audit/22-master-defect-registry.json": [
      {
        "type": "Hex High Entropy String",
        "filename": "docs/audit/22-master-defect-registry.json",
        "hashed_secret": "2f84a333846515a0e527a6dc23c7274214d43bb2",
        "is_verified": false,
        "line_number": 1133,
        "is_secret": false
      }
    ],
    "docs/corrections/launcher/pre-fix-reproduction.md": [
      {
        "type": "Basic Auth Credentials",
        "filename": "docs/corrections/launcher/pre-fix-reproduction.md",
        "hashed_secret": "9d4e1e23bd5b727046a9e3b4b7db57bd8d6ee684",
        "is_verified": false,
        "line_number": 96,
        "is_secret": false
      }
    ],
    "docs/licensing/phase7/phase7-scope-and-baseline.md": [
      {
        "type": "Basic Auth Credentials",
        "filename": "docs/licensing/phase7/phase7-scope-and-baseline.md",
        "hashed_secret": "5ba1dc40a39537b9ab1cec098c4068a49b5bde7d",
        "is_verified": false,
        "line_number": 53,
        "is_secret": false
      }
    ],
    "docs/licensing/phase7v-final/final-trust-anchor-evidence.md": [
      {
        "type": "Base64 High Entropy String",
        "filename": "docs/licensing/phase7v-final/final-trust-anchor-evidence.md",
        "hashed_secret": "6751e2bafa95b6953ecae08baab240d2cc78fb1e",
        "is_verified": false,
        "line_number": 16,
        "is_secret": false
      }
    ],
    "docs/migration/source-inventory.md": [
      {
        "type": "Secret Keyword",
        "filename": "docs/migration/source-inventory.md",
        "hashed_secret": "547393d8ff66a2d3de947c8177fe59bb212a083b",
        "is_verified": false,
        "line_number": 68,
        "is_secret": false
      }
    ],
    "docs/owner/phase5/owner-database-backup-and-recovery.md": [
      {
        "type": "Basic Auth Credentials",
        "filename": "docs/owner/phase5/owner-database-backup-and-recovery.md",
        "hashed_secret": "5baa61e4c9b93f3f0682250b6cf8331b7ee68fd8",
        "is_verified": false,
        "line_number": 17,
        "is_secret": false
      }
    ],
    "docs/owner/phase5/owner-local-development-guide.md": [
      {
        "type": "Basic Auth Credentials",
        "filename": "docs/owner/phase5/owner-local-development-guide.md",
        "hashed_secret": "5ba1dc40a39537b9ab1cec098c4068a49b5bde7d",
        "is_verified": false,
        "line_number": 14,
        "is_secret": false
      }
    ],
    "docs/owner/phase5/owner-test-report.md": [
      {
        "type": "Basic Auth Credentials",
        "filename": "docs/owner/phase5/owner-test-report.md",
        "hashed_secret": "5ba1dc40a39537b9ab1cec098c4068a49b5bde7d",
        "is_verified": false,
        "line_number": 4,
        "is_secret": false
      }
    ],
    "docs/owner/phase6/activation-e2e-evidence.md": [
      {
        "type": "Basic Auth Credentials",
        "filename": "docs/owner/phase6/activation-e2e-evidence.md",
        "hashed_secret": "5ba1dc40a39537b9ab1cec098c4068a49b5bde7d",
        "is_verified": false,
        "line_number": 8,
        "is_secret": false
      }
    ],
    "docs/owner/phase8v/real-traffic-evidence.md": [
      {
        "type": "Hex High Entropy String",
        "filename": "docs/owner/phase8v/real-traffic-evidence.md",
        "hashed_secret": "4cbc74fb4570c866622da589933ba54f64fba15b",
        "is_verified": false,
        "line_number": 67,
        "is_secret": false
      }
    ],
    "docs/owner/phase8vp/PHASE8VP-PHYSICAL-COMMERCIAL-CLOSURE-HANDOVER.md": [
      {
        "type": "Basic Auth Credentials",
        "filename": "docs/owner/phase8vp/PHASE8VP-PHYSICAL-COMMERCIAL-CLOSURE-HANDOVER.md",
        "hashed_secret": "5ba1dc40a39537b9ab1cec098c4068a49b5bde7d",
        "is_verified": false,
        "line_number": 172,
        "is_secret": false
      }
    ],
    "docs/owner/phase8vp5/raw-wire-evidence.md": [
      {
        "type": "Base64 High Entropy String",
        "filename": "docs/owner/phase8vp5/raw-wire-evidence.md",
        "hashed_secret": "2503d06636ad9f2543b35f232cc1da8b1904ee60",
        "is_verified": false,
        "line_number": 28,
        "is_secret": false
      },
      {
        "type": "Base64 High Entropy String",
        "filename": "docs/owner/phase8vp5/raw-wire-evidence.md",
        "hashed_secret": "92c914ce40231251b85a07d4875c97efbd7290dd",
        "is_verified": false,
        "line_number": 31,
        "is_secret": false
      },
      {
        "type": "Hex High Entropy String",
        "filename": "docs/owner/phase8vp5/raw-wire-evidence.md",
        "hashed_secret": "df291df2263c40dc20ccc168690e3dc0a8b13f03",
        "is_verified": false,
        "line_number": 73,
        "is_secret": false
      }
    ],
    "docs/owner/phase9/evidence/bandit-owner-app.json": [
      {
        "type": "Secret Keyword",
        "filename": "docs/owner/phase9/evidence/bandit-owner-app.json",
        "hashed_secret": "d4e0e04792fd434b5dc9c4155c178f66edcf4ed3",
        "is_verified": false,
        "line_number": 1370,
        "is_secret": false
      }
    ],
    "docs/owner/phase9/security-hardening-report.md": [
      {
        "type": "Secret Keyword",
        "filename": "docs/owner/phase9/security-hardening-report.md",
        "hashed_secret": "d4e0e04792fd434b5dc9c4155c178f66edcf4ed3",
        "is_verified": false,
        "line_number": 54,
        "is_secret": false
      }
    ],
    "docs/owner/phase9_5b_r/auth-and-mfa-localization-report.md": [
      {
        "type": "Secret Keyword",
        "filename": "docs/owner/phase9_5b_r/auth-and-mfa-localization-report.md",
        "hashed_secret": "935aa0474981a12d34cc19f910f4fc9fdc5c7c67",
        "is_verified": false,
        "line_number": 4,
        "is_secret": false
      }
    ],
    "docs/owner/phase9_5b_r3/flaky-test-reproduction-report.md": [
      {
        "type": "Basic Auth Credentials",
        "filename": "docs/owner/phase9_5b_r3/flaky-test-reproduction-report.md",
        "hashed_secret": "5ba1dc40a39537b9ab1cec098c4068a49b5bde7d",
        "is_verified": false,
        "line_number": 16,
        "is_secret": false
      }
    ],
    "docs/owner/phase9_5b_r3/infrastructure-security-regression-final.md": [
      {
        "type": "Basic Auth Credentials",
        "filename": "docs/owner/phase9_5b_r3/infrastructure-security-regression-final.md",
        "hashed_secret": "5ba1dc40a39537b9ab1cec098c4068a49b5bde7d",
        "is_verified": false,
        "line_number": 11,
        "is_secret": false
      }
    ],
    "docs/owner/phase9_5b_r3/secret-scan-false-positive-review.md": [
      {
        "type": "Basic Auth Credentials",
        "filename": "docs/owner/phase9_5b_r3/secret-scan-false-positive-review.md",
        "hashed_secret": "5ba1dc40a39537b9ab1cec098c4068a49b5bde7d",
        "is_verified": false,
        "line_number": 25,
        "is_secret": false
      },
      {
        "type": "Base64 High Entropy String",
        "filename": "docs/owner/phase9_5b_r3/secret-scan-false-positive-review.md",
        "hashed_secret": "b1fe677d4af642704255d25962dc4f90dabe0420",
        "is_verified": false,
        "line_number": 55,
        "is_secret": false
      }
    ],
    "docs/owner/phase9_5b_r3/secret-scan-final.md": [
      {
        "type": "Basic Auth Credentials",
        "filename": "docs/owner/phase9_5b_r3/secret-scan-final.md",
        "hashed_secret": "5ba1dc40a39537b9ab1cec098c4068a49b5bde7d",
        "is_verified": false,
        "line_number": 41,
        "is_secret": false
      },
      {
        "type": "Base64 High Entropy String",
        "filename": "docs/owner/phase9_5b_r3/secret-scan-final.md",
        "hashed_secret": "b1fe677d4af642704255d25962dc4f90dabe0420",
        "is_verified": false,
        "line_number": 44,
        "is_secret": false
      }
    ],
    "docs/owner/phase9_5e/performance-explain-analyze-raw.txt": [
      {
        "type": "Hex High Entropy String",
        "filename": "docs/owner/phase9_5e/performance-explain-analyze-raw.txt",
        "hashed_secret": "aa597cad03532678efb51d61ad2567b9b3b5cb81",
        "is_verified": false,
        "line_number": 131,
        "is_secret": false
      }
    ],
    "docs/owner/phase9_5e/phase9-5e-gate-matrix.md": [
      {
        "type": "Secret Keyword",
        "filename": "docs/owner/phase9_5e/phase9-5e-gate-matrix.md",
        "hashed_secret": "4b3c3033f530516a820a2ef8dd28ec833db22084",
        "is_verified": false,
        "line_number": 22,
        "is_secret": false
      }
    ],
    "docs/owner/phase9_5e/secret-scan-report.md": [
      {
        "type": "Basic Auth Credentials",
        "filename": "docs/owner/phase9_5e/secret-scan-report.md",
        "hashed_secret": "5ba1dc40a39537b9ab1cec098c4068a49b5bde7d",
        "is_verified": false,
        "line_number": 25,
        "is_secret": false
      },
      {
        "type": "Secret Keyword",
        "filename": "docs/owner/phase9_5e/secret-scan-report.md",
        "hashed_secret": "d4e0e04792fd434b5dc9c4155c178f66edcf4ed3",
        "is_verified": false,
        "line_number": 26,
        "is_secret": false
      }
    ],
    "docs/owner/ui-modernization/commercial-flow-ui-contract.md": [
      {
        "type": "Basic Auth Credentials",
        "filename": "docs/owner/ui-modernization/commercial-flow-ui-contract.md",
        "hashed_secret": "5ba1dc40a39537b9ab1cec098c4068a49b5bde7d",
        "is_verified": false,
        "line_number": 370,
        "is_secret": false
      }
    ],
    "docs/owner/ui-modernization/customer-360-contract.md": [
      {
        "type": "Basic Auth Credentials",
        "filename": "docs/owner/ui-modernization/customer-360-contract.md",
        "hashed_secret": "5ba1dc40a39537b9ab1cec098c4068a49b5bde7d",
        "is_verified": false,
        "line_number": 207,
        "is_secret": false
      }
    ],
    "docs/owner/ui-modernization/employee-permission-ui-contract.md": [
      {
        "type": "Basic Auth Credentials",
        "filename": "docs/owner/ui-modernization/employee-permission-ui-contract.md",
        "hashed_secret": "5ba1dc40a39537b9ab1cec098c4068a49b5bde7d",
        "is_verified": false,
        "line_number": 458,
        "is_secret": false
      }
    ],
    "docs/owner/ui-modernization/finance-ui-contract.md": [
      {
        "type": "Basic Auth Credentials",
        "filename": "docs/owner/ui-modernization/finance-ui-contract.md",
        "hashed_secret": "5ba1dc40a39537b9ab1cec098c4068a49b5bde7d",
        "is_verified": false,
        "line_number": 534,
        "is_secret": false
      }
    ],
    "docs/owner/ui-modernization/licensing-command-center-contract.md": [
      {
        "type": "Basic Auth Credentials",
        "filename": "docs/owner/ui-modernization/licensing-command-center-contract.md",
        "hashed_secret": "5ba1dc40a39537b9ab1cec098c4068a49b5bde7d",
        "is_verified": false,
        "line_number": 454,
        "is_secret": false
      }
    ],
    "docs/release/android-production-signing-policy.md": [
      {
        "type": "Secret Keyword",
        "filename": "docs/release/android-production-signing-policy.md",
        "hashed_secret": "7e374b6065e6085605896e76f51807970c656f62",
        "is_verified": false,
        "line_number": 22,
        "is_secret": false
      }
    ],
    "owner/.env.example": [
      {
        "type": "Basic Auth Credentials",
        "filename": "owner/.env.example",
        "hashed_secret": "5ba1dc40a39537b9ab1cec098c4068a49b5bde7d",
        "is_verified": false,
        "line_number": 10,
        "is_secret": false
      }
    ],
    "owner/README.md": [
      {
        "type": "Basic Auth Credentials",
        "filename": "owner/README.md",
        "hashed_secret": "5ba1dc40a39537b9ab1cec098c4068a49b5bde7d",
        "is_verified": false,
        "line_number": 39,
        "is_secret": false
      }
    ],
    "owner/alembic.ini": [
      {
        "type": "Basic Auth Credentials",
        "filename": "owner/alembic.ini",
        "hashed_secret": "9d4e1e23bd5b727046a9e3b4b7db57bd8d6ee684",
        "is_verified": false,
        "line_number": 5,
        "is_secret": false
      }
    ],
    "owner/app/config.py": [
      {
        "type": "Basic Auth Credentials",
        "filename": "owner/app/config.py",
        "hashed_secret": "5ba1dc40a39537b9ab1cec098c4068a49b5bde7d",
        "is_verified": false,
        "line_number": 369,
        "is_secret": false
      },
      {
        "type": "Secret Keyword",
        "filename": "owner/app/config.py",
        "hashed_secret": "d4e0e04792fd434b5dc9c4155c178f66edcf4ed3",
        "is_verified": false,
        "line_number": 381,
        "is_secret": false
      }
    ],
    "owner/app/security/license_keys.py": [
      {
        "type": "Base64 High Entropy String",
        "filename": "owner/app/security/license_keys.py",
        "hashed_secret": "b1fe677d4af642704255d25962dc4f90dabe0420",
        "is_verified": false,
        "line_number": 18,
        "is_secret": false
      }
    ],
    "owner/docker-compose.yml": [
      {
        "type": "Secret Keyword",
        "filename": "owner/docker-compose.yml",
        "hashed_secret": "5ba1dc40a39537b9ab1cec098c4068a49b5bde7d",
        "is_verified": false,
        "line_number": 10,
        "is_secret": false
      },
      {
        "type": "Basic Auth Credentials",
        "filename": "owner/docker-compose.yml",
        "hashed_secret": "5ba1dc40a39537b9ab1cec098c4068a49b5bde7d",
        "is_verified": false,
        "line_number": 30,
        "is_secret": false
      }
    ],
    "owner/migrations/versions/0b1d294dfb40_phase_8_milestone_3_commercial_policy_.py": [
      {
        "type": "Hex High Entropy String",
        "filename": "owner/migrations/versions/0b1d294dfb40_phase_8_milestone_3_commercial_policy_.py",
        "hashed_secret": "a3f6c6443d886f66e64f12cc703c9ede7c87e454",
        "is_verified": false,
        "line_number": 13,
        "is_secret": false
      }
    ],
    "owner/migrations/versions/0f8d55b753ed_phase_8_milestone_5_manual_activation_.py": [
      {
        "type": "Hex High Entropy String",
        "filename": "owner/migrations/versions/0f8d55b753ed_phase_8_milestone_5_manual_activation_.py",
        "hashed_secret": "70304b95b08fe065bed3872969134fb8a7c517bb",
        "is_verified": false,
        "line_number": 12,
        "is_secret": false
      }
    ],
    "owner/migrations/versions/13944658bddf_phase9r_m4_installation_license_label_.py": [
      {
        "type": "Hex High Entropy String",
        "filename": "owner/migrations/versions/13944658bddf_phase9r_m4_installation_license_label_.py",
        "hashed_secret": "533512edf8bda966d343deea3b27e13055c8f447",
        "is_verified": false,
        "line_number": 12,
        "is_secret": false
      }
    ],
    "owner/migrations/versions/338d06dece44_phase_9_5b_r_staff_locale_preference.py": [
      {
        "type": "Hex High Entropy String",
        "filename": "owner/migrations/versions/338d06dece44_phase_9_5b_r_staff_locale_preference.py",
        "hashed_secret": "3222da4c69ab44d5e272a205231c124f141e92ca",
        "is_verified": false,
        "line_number": 13,
        "is_secret": false
      }
    ],
    "owner/migrations/versions/3c0d51d82d8c_phase_9_5a_commercial_operations_.py": [
      {
        "type": "Hex High Entropy String",
        "filename": "owner/migrations/versions/3c0d51d82d8c_phase_9_5a_commercial_operations_.py",
        "hashed_secret": "70304b95b08fe065bed3872969134fb8a7c517bb",
        "is_verified": false,
        "line_number": 13,
        "is_secret": false
      }
    ],
    "owner/migrations/versions/3f95d792998c_phase_9_5e_commission_payout_batch_.py": [
      {
        "type": "Hex High Entropy String",
        "filename": "owner/migrations/versions/3f95d792998c_phase_9_5e_commission_payout_batch_.py",
        "hashed_secret": "d7f7a9f70e787363896ea2fcb69f33d6a8dff922",
        "is_verified": false,
        "line_number": 13,
        "is_secret": false
      }
    ],
    "owner/migrations/versions/5de3f36f4c21_phase9_5a_one_subscription_per_sales_order.py": [
      {
        "type": "Hex High Entropy String",
        "filename": "owner/migrations/versions/5de3f36f4c21_phase9_5a_one_subscription_per_sales_order.py",
        "hashed_secret": "7a5385c70c2046e6059b04eeaf5051769c69c06a",
        "is_verified": false,
        "line_number": 36,
        "is_secret": false
      },
      {
        "type": "Hex High Entropy String",
        "filename": "owner/migrations/versions/5de3f36f4c21_phase9_5a_one_subscription_per_sales_order.py",
        "hashed_secret": "2ff1d259ba361001e05b2a0259fd38cb253244bf",
        "is_verified": false,
        "line_number": 37,
        "is_secret": false
      }
    ],
    "owner/migrations/versions/60f363ee66e8_phase_6_licensing_activation_service_.py": [
      {
        "type": "Hex High Entropy String",
        "filename": "owner/migrations/versions/60f363ee66e8_phase_6_licensing_activation_service_.py",
        "hashed_secret": "eb2bae74ec23327305f5fe6b28cb507edde410d8",
        "is_verified": false,
        "line_number": 13,
        "is_secret": false
      }
    ],
    "owner/migrations/versions/62e4adb0a7b9_initial_owner_schema.py": [
      {
        "type": "Hex High Entropy String",
        "filename": "owner/migrations/versions/62e4adb0a7b9_initial_owner_schema.py",
        "hashed_secret": "eb2bae74ec23327305f5fe6b28cb507edde410d8",
        "is_verified": false,
        "line_number": 12,
        "is_secret": false
      }
    ],
    "owner/migrations/versions/8646da2df010_phase_8_milestone_1_renewal_workflow_.py": [
      {
        "type": "Hex High Entropy String",
        "filename": "owner/migrations/versions/8646da2df010_phase_8_milestone_1_renewal_workflow_.py",
        "hashed_secret": "a3f6c6443d886f66e64f12cc703c9ede7c87e454",
        "is_verified": false,
        "line_number": 12,
        "is_secret": false
      }
    ],
    "owner/migrations/versions/86e9229f85c1_phase9r_m11_release_download_.py": [
      {
        "type": "Hex High Entropy String",
        "filename": "owner/migrations/versions/86e9229f85c1_phase9r_m11_release_download_.py",
        "hashed_secret": "2ff1d259ba361001e05b2a0259fd38cb253244bf",
        "is_verified": false,
        "line_number": 12,
        "is_secret": false
      }
    ],
    "owner/migrations/versions/870b08809d22_phase_9_5c_contacts.py": [
      {
        "type": "Hex High Entropy String",
        "filename": "owner/migrations/versions/870b08809d22_phase_9_5c_contacts.py",
        "hashed_secret": "f79de802c84a0c49a14dd28779d988d49e550fb1",
        "is_verified": false,
        "line_number": 14,
        "is_secret": false
      }
    ],
    "owner/migrations/versions/96429a63cb29_phase9r_m10_release_authority_fields.py": [
      {
        "type": "Hex High Entropy String",
        "filename": "owner/migrations/versions/96429a63cb29_phase9r_m10_release_authority_fields.py",
        "hashed_secret": "533512edf8bda966d343deea3b27e13055c8f447",
        "is_verified": false,
        "line_number": 13,
        "is_secret": false
      }
    ],
    "owner/migrations/versions/a1f9c3d76e02_phase_9_5c_crm_ownership_and_child_lookup_indexes.py": [
      {
        "type": "Hex High Entropy String",
        "filename": "owner/migrations/versions/a1f9c3d76e02_phase_9_5c_crm_ownership_and_child_lookup_indexes.py",
        "hashed_secret": "e57636b2f99a3f26fa724c1a12635726fc6a8c5e",
        "is_verified": false,
        "line_number": 25,
        "is_secret": false
      }
    ],
    "owner/migrations/versions/a3c8e5d29f47_phase_9_5d_commission_ledger_allocation_basis.py": [
      {
        "type": "Hex High Entropy String",
        "filename": "owner/migrations/versions/a3c8e5d29f47_phase_9_5d_commission_ledger_allocation_basis.py",
        "hashed_secret": "803a5afd1982c46aeaeec19d23fa92f5fa455bc8",
        "is_verified": false,
        "line_number": 24,
        "is_secret": false
      },
      {
        "type": "Hex High Entropy String",
        "filename": "owner/migrations/versions/a3c8e5d29f47_phase_9_5d_commission_ledger_allocation_basis.py",
        "hashed_secret": "5b93f285e86e033c8590d7c9e2a6d0e2fd30130f",
        "is_verified": false,
        "line_number": 25,
        "is_secret": false
      }
    ],
    "owner/migrations/versions/af7831a6dc4d_phase_9_5b_employee_invitation_draft.py": [
      {
        "type": "Hex High Entropy String",
        "filename": "owner/migrations/versions/af7831a6dc4d_phase_9_5b_employee_invitation_draft.py",
        "hashed_secret": "3222da4c69ab44d5e272a205231c124f141e92ca",
        "is_verified": false,
        "line_number": 12,
        "is_secret": false
      }
    ],
    "owner/migrations/versions/b2f6a8e13c74_phase_9_5d_missing_fk_indexes.py": [
      {
        "type": "Hex High Entropy String",
        "filename": "owner/migrations/versions/b2f6a8e13c74_phase_9_5d_missing_fk_indexes.py",
        "hashed_secret": "a7a7c3252682d2f61c76c6bfa2d98be5e7eb1350",
        "is_verified": false,
        "line_number": 23,
        "is_secret": false
      },
      {
        "type": "Hex High Entropy String",
        "filename": "owner/migrations/versions/b2f6a8e13c74_phase_9_5d_missing_fk_indexes.py",
        "hashed_secret": "803a5afd1982c46aeaeec19d23fa92f5fa455bc8",
        "is_verified": false,
        "line_number": 24,
        "is_secret": false
      }
    ],
    "owner/migrations/versions/b7e4a2c91f30_phase_9_5d_commercial_sales_new_authorities.py": [
      {
        "type": "Hex High Entropy String",
        "filename": "owner/migrations/versions/b7e4a2c91f30_phase_9_5d_commercial_sales_new_authorities.py",
        "hashed_secret": "305929fdbaefb7f9fca90a0a8ae2988166f658db",
        "is_verified": false,
        "line_number": 19,
        "is_secret": false
      },
      {
        "type": "Hex High Entropy String",
        "filename": "owner/migrations/versions/b7e4a2c91f30_phase_9_5d_commercial_sales_new_authorities.py",
        "hashed_secret": "e57636b2f99a3f26fa724c1a12635726fc6a8c5e",
        "is_verified": false,
        "line_number": 20,
        "is_secret": false
      }
    ],
    "owner/migrations/versions/c92d5f18a4e6_phase_9_5d_quote_line_version.py": [
      {
        "type": "Hex High Entropy String",
        "filename": "owner/migrations/versions/c92d5f18a4e6_phase_9_5d_quote_line_version.py",
        "hashed_secret": "9f42523985bf2994638fa2fdd518e85c728ee2a5",
        "is_verified": false,
        "line_number": 20,
        "is_secret": false
      },
      {
        "type": "Hex High Entropy String",
        "filename": "owner/migrations/versions/c92d5f18a4e6_phase_9_5d_quote_line_version.py",
        "hashed_secret": "305929fdbaefb7f9fca90a0a8ae2988166f658db",
        "is_verified": false,
        "line_number": 21,
        "is_secret": false
      }
    ],
    "owner/migrations/versions/d15e6a3b7c92_phase_9_5d_quote_lead_origin.py": [
      {
        "type": "Hex High Entropy String",
        "filename": "owner/migrations/versions/d15e6a3b7c92_phase_9_5d_quote_lead_origin.py",
        "hashed_secret": "fa83aebca95ea3d9e398b2a9b49900fe5e7e28c3",
        "is_verified": false,
        "line_number": 25,
        "is_secret": false
      },
      {
        "type": "Hex High Entropy String",
        "filename": "owner/migrations/versions/d15e6a3b7c92_phase_9_5d_quote_lead_origin.py",
        "hashed_secret": "9f42523985bf2994638fa2fdd518e85c728ee2a5",
        "is_verified": false,
        "line_number": 26,
        "is_secret": false
      }
    ],
    "owner/migrations/versions/e4a8c1f6b0d3_phase_9_5d_approval_commercial_fingerprint.py": [
      {
        "type": "Hex High Entropy String",
        "filename": "owner/migrations/versions/e4a8c1f6b0d3_phase_9_5d_approval_commercial_fingerprint.py",
        "hashed_secret": "5afda648bc806ded1654a78cf724bc222d441ad4",
        "is_verified": false,
        "line_number": 22,
        "is_secret": false
      },
      {
        "type": "Hex High Entropy String",
        "filename": "owner/migrations/versions/e4a8c1f6b0d3_phase_9_5d_approval_commercial_fingerprint.py",
        "hashed_secret": "fa83aebca95ea3d9e398b2a9b49900fe5e7e28c3",
        "is_verified": false,
        "line_number": 23,
        "is_secret": false
      }
    ],
    "owner/migrations/versions/e8fb57c82a58_phase_9_5e_expense_payee_approval_.py": [
      {
        "type": "Hex High Entropy String",
        "filename": "owner/migrations/versions/e8fb57c82a58_phase_9_5e_expense_payee_approval_.py",
        "hashed_secret": "d7f7a9f70e787363896ea2fcb69f33d6a8dff922",
        "is_verified": false,
        "line_number": 13,
        "is_secret": false
      },
      {
        "type": "Hex High Entropy String",
        "filename": "owner/migrations/versions/e8fb57c82a58_phase_9_5e_expense_payee_approval_.py",
        "hashed_secret": "a7a7c3252682d2f61c76c6bfa2d98be5e7eb1350",
        "is_verified": false,
        "line_number": 14,
        "is_secret": false
      }
    ],
    "owner/migrations/versions/f2b7d4e91a63_phase_9_5d_refund_version_and_timestamps.py": [
      {
        "type": "Hex High Entropy String",
        "filename": "owner/migrations/versions/f2b7d4e91a63_phase_9_5d_refund_version_and_timestamps.py",
        "hashed_secret": "5b93f285e86e033c8590d7c9e2a6d0e2fd30130f",
        "is_verified": false,
        "line_number": 20,
        "is_secret": false
      },
      {
        "type": "Hex High Entropy String",
        "filename": "owner/migrations/versions/f2b7d4e91a63_phase_9_5d_refund_version_and_timestamps.py",
        "hashed_secret": "5afda648bc806ded1654a78cf724bc222d441ad4",
        "is_verified": false,
        "line_number": 21,
        "is_secret": false
      }
    ],
    "owner/migrations/versions/fe581c2bb967_phase_9_5c_followup_cancelled_at.py": [
      {
        "type": "Hex High Entropy String",
        "filename": "owner/migrations/versions/fe581c2bb967_phase_9_5c_followup_cancelled_at.py",
        "hashed_secret": "f79de802c84a0c49a14dd28779d988d49e550fb1",
        "is_verified": false,
        "line_number": 12,
        "is_secret": false
      }
    ],
    "owner/tests/conftest.py": [
      {
        "type": "Basic Auth Credentials",
        "filename": "owner/tests/conftest.py",
        "hashed_secret": "5ba1dc40a39537b9ab1cec098c4068a49b5bde7d",
        "is_verified": false,
        "line_number": 13,
        "is_secret": false
      },
      {
        "type": "Secret Keyword",
        "filename": "owner/tests/conftest.py",
        "hashed_secret": "2251dd4d35d8a968b50badb4c7ca6d81ad35a6c7",
        "is_verified": false,
        "line_number": 110,
        "is_secret": false
      }
    ],
    "owner/tests/test_auth.py": [
      {
        "type": "Secret Keyword",
        "filename": "owner/tests/test_auth.py",
        "hashed_secret": "98a97783904ee0b502a597ba85c575278b14a511",
        "is_verified": false,
        "line_number": 16,
        "is_secret": false
      },
      {
        "type": "Secret Keyword",
        "filename": "owner/tests/test_auth.py",
        "hashed_secret": "a4b48a81cdab1e1a5dd37907d6c85ca1c61ddc7c",
        "is_verified": false,
        "line_number": 31,
        "is_secret": false
      },
      {
        "type": "Secret Keyword",
        "filename": "owner/tests/test_auth.py",
        "hashed_secret": "99ef2d887c58779266025399b50141bf186da1f6",
        "is_verified": false,
        "line_number": 143,
        "is_secret": false
      }
    ],
    "owner/tests/test_observability_logging.py": [
      {
        "type": "Secret Keyword",
        "filename": "owner/tests/test_observability_logging.py",
        "hashed_secret": "fc8c5eb194806e31a213f073131e73b0012a0fb5",
        "is_verified": false,
        "line_number": 16,
        "is_secret": false
      },
      {
        "type": "Private Key",
        "filename": "owner/tests/test_observability_logging.py",
        "hashed_secret": "1348b145fa1a555461c1b790a2f66614781091e9",
        "is_verified": false,
        "line_number": 30,
        "is_secret": false
      },
      {
        "type": "Base64 High Entropy String",
        "filename": "owner/tests/test_observability_logging.py",
        "hashed_secret": "3587a729d8479e8868d03884eec16e4599f7103a",
        "is_verified": false,
        "line_number": 46,
        "is_secret": false
      }
    ],
    "owner/tests/test_phase6_migration.py": [
      {
        "type": "Hex High Entropy String",
        "filename": "owner/tests/test_phase6_migration.py",
        "hashed_secret": "eb2bae74ec23327305f5fe6b28cb507edde410d8",
        "is_verified": false,
        "line_number": 32,
        "is_secret": false
      }
    ],
    "owner/tests/test_phase6_security_controls.py": [
      {
        "type": "Secret Keyword",
        "filename": "owner/tests/test_phase6_security_controls.py",
        "hashed_secret": "23db4a729ecc6aa3f39f676bc1f59636e3c8c6bf",
        "is_verified": false,
        "line_number": 96,
        "is_secret": false
      }
    ],
    "owner/tests/test_phase9_5b_functional_validation.py": [
      {
        "type": "Secret Keyword",
        "filename": "owner/tests/test_phase9_5b_functional_validation.py",
        "hashed_secret": "2251dd4d35d8a968b50badb4c7ca6d81ad35a6c7",
        "is_verified": false,
        "line_number": 55,
        "is_secret": false
      }
    ],
    "owner/tests/test_phase9_5b_onboarding.py": [
      {
        "type": "Secret Keyword",
        "filename": "owner/tests/test_phase9_5b_onboarding.py",
        "hashed_secret": "2251dd4d35d8a968b50badb4c7ca6d81ad35a6c7",
        "is_verified": false,
        "line_number": 25,
        "is_secret": false
      }
    ],
    "owner/tests/test_phase9_5b_r_bilingual_e2e.py": [
      {
        "type": "Secret Keyword",
        "filename": "owner/tests/test_phase9_5b_r_bilingual_e2e.py",
        "hashed_secret": "2251dd4d35d8a968b50badb4c7ca6d81ad35a6c7",
        "is_verified": false,
        "line_number": 67,
        "is_secret": false
      }
    ],
    "owner/tests/test_phase9_5b_web_routes.py": [
      {
        "type": "Secret Keyword",
        "filename": "owner/tests/test_phase9_5b_web_routes.py",
        "hashed_secret": "2251dd4d35d8a968b50badb4c7ca6d81ad35a6c7",
        "is_verified": false,
        "line_number": 41,
        "is_secret": false
      }
    ],
    "owner/tests/test_phase9_5e_dev_server_port_isolation.py": [
      {
        "type": "Basic Auth Credentials",
        "filename": "owner/tests/test_phase9_5e_dev_server_port_isolation.py",
        "hashed_secret": "5ba1dc40a39537b9ab1cec098c4068a49b5bde7d",
        "is_verified": false,
        "line_number": 18,
        "is_secret": false
      }
    ],
    "owner/tests/test_phase9_5e_security_and_idor.py": [
      {
        "type": "Secret Keyword",
        "filename": "owner/tests/test_phase9_5e_security_and_idor.py",
        "hashed_secret": "1bcdf6a53ecbc40e4c2f376045fbdd6a9f4f7697",
        "is_verified": false,
        "line_number": 317,
        "is_secret": false
      }
    ],
    "owner/tests/test_phase9r_environment_separation.py": [
      {
        "type": "Basic Auth Credentials",
        "filename": "owner/tests/test_phase9r_environment_separation.py",
        "hashed_secret": "3ed9fbbd10ebd33819a3f1ca19555520a58cc16f",
        "is_verified": false,
        "line_number": 27,
        "is_secret": false
      },
      {
        "type": "Basic Auth Credentials",
        "filename": "owner/tests/test_phase9r_environment_separation.py",
        "hashed_secret": "5ba1dc40a39537b9ab1cec098c4068a49b5bde7d",
        "is_verified": false,
        "line_number": 99,
        "is_secret": false
      }
    ],
    "owner/tests/test_rbac.py": [
      {
        "type": "Secret Keyword",
        "filename": "owner/tests/test_rbac.py",
        "hashed_secret": "98a97783904ee0b502a597ba85c575278b14a511",
        "is_verified": false,
        "line_number": 7,
        "is_secret": false
      }
    ],
    "owner/tests/test_security.py": [
      {
        "type": "Secret Keyword",
        "filename": "owner/tests/test_security.py",
        "hashed_secret": "76a5011fa054eab088c73499e1af0b333fa28a43",
        "is_verified": false,
        "line_number": 85,
        "is_secret": false
      },
      {
        "type": "Secret Keyword",
        "filename": "owner/tests/test_security.py",
        "hashed_secret": "98a97783904ee0b502a597ba85c575278b14a511",
        "is_verified": false,
        "line_number": 115,
        "is_secret": false
      }
    ],
    "owner/tools/dev_server/port_isolation.py": [
      {
        "type": "Basic Auth Credentials",
        "filename": "owner/tools/dev_server/port_isolation.py",
        "hashed_secret": "5ba1dc40a39537b9ab1cec098c4068a49b5bde7d",
        "is_verified": false,
        "line_number": 208,
        "is_secret": false
      }
    ],
    "products/clinic/frontend/locales/en.json": [
      {
        "type": "Secret Keyword",
        "filename": "products/clinic/frontend/locales/en.json",
        "hashed_secret": "8be3c943b1609fffbfc51aad666d0a04adf83c9d",
        "is_verified": false,
        "line_number": 8,
        "is_secret": false
      }
    ],
    "products/clinic/tests/clinic_capability_guard_test.py": [
      {
        "type": "Secret Keyword",
        "filename": "products/clinic/tests/clinic_capability_guard_test.py",
        "hashed_secret": "e75adf20aca8d1358f27ae973e0850efee1fc480",
        "is_verified": false,
        "line_number": 70,
        "is_secret": false
      }
    ],
    "products/clinic/tests/clinic_einvoicing_regression_test.py": [
      {
        "type": "Secret Keyword",
        "filename": "products/clinic/tests/clinic_einvoicing_regression_test.py",
        "hashed_secret": "f3fe434489c5322dc90b1da90db82533b432a185",
        "is_verified": false,
        "line_number": 84,
        "is_secret": false
      }
    ],
    "products/clinic/tests/clinic_einvoicing_test.py": [
      {
        "type": "Secret Keyword",
        "filename": "products/clinic/tests/clinic_einvoicing_test.py",
        "hashed_secret": "7398ec485595a41bdf3ff796da3c942b0b8ecf4e",
        "is_verified": false,
        "line_number": 49,
        "is_secret": false
      }
    ],
    "products/clinic/tests/clinic_localization_test.py": [
      {
        "type": "Secret Keyword",
        "filename": "products/clinic/tests/clinic_localization_test.py",
        "hashed_secret": "99d84b257054de42ad693ea50f538c83c0dc7b9b",
        "is_verified": false,
        "line_number": 56,
        "is_secret": false
      }
    ],
    "products/clinic/tests/clinic_onboarding_auth_test.py": [
      {
        "type": "Secret Keyword",
        "filename": "products/clinic/tests/clinic_onboarding_auth_test.py",
        "hashed_secret": "6b7cb8b6d851fc58a5a26f1cccbe9fe58d548dc5",
        "is_verified": false,
        "line_number": 134,
        "is_secret": false
      },
      {
        "type": "Secret Keyword",
        "filename": "products/clinic/tests/clinic_onboarding_auth_test.py",
        "hashed_secret": "f8a836f0236885898244bd6bdefb778b4a9e5f28",
        "is_verified": false,
        "line_number": 166,
        "is_secret": false
      },
      {
        "type": "Secret Keyword",
        "filename": "products/clinic/tests/clinic_onboarding_auth_test.py",
        "hashed_secret": "1ebedef23f96bf1e3bc03706f9ea004016ee9be9",
        "is_verified": false,
        "line_number": 216,
        "is_secret": false
      }
    ],
    "products/clinic/tests/clinic_payment_wave0_test.py": [
      {
        "type": "Secret Keyword",
        "filename": "products/clinic/tests/clinic_payment_wave0_test.py",
        "hashed_secret": "0705c69f1b2744e5514eb481e5d209573e645c58",
        "is_verified": false,
        "line_number": 60,
        "is_secret": false
      }
    ],
    "products/clinic/tests/clinic_phase7_migration_test.py": [
      {
        "type": "Secret Keyword",
        "filename": "products/clinic/tests/clinic_phase7_migration_test.py",
        "hashed_secret": "d416468f162df6dbdb1f6b8f8fbae47a88101b1f",
        "is_verified": false,
        "line_number": 72,
        "is_secret": false
      }
    ],
    "products/clinic/tests/clinic_privacy_test.py": [
      {
        "type": "Secret Keyword",
        "filename": "products/clinic/tests/clinic_privacy_test.py",
        "hashed_secret": "6e9c99d27c03b4cc32e37c05d5cb26b7b215b90e",
        "is_verified": false,
        "line_number": 51,
        "is_secret": false
      },
      {
        "type": "Secret Keyword",
        "filename": "products/clinic/tests/clinic_privacy_test.py",
        "hashed_secret": "87e3b216cf739c821943b344b9ffd07b5bbb0639",
        "is_verified": false,
        "line_number": 122,
        "is_secret": false
      }
    ],
    "products/clinic/tests/clinic_rbac_test.py": [
      {
        "type": "Secret Keyword",
        "filename": "products/clinic/tests/clinic_rbac_test.py",
        "hashed_secret": "33b06c84dd6b6f365c92a791f17679809f21de9e",
        "is_verified": false,
        "line_number": 58,
        "is_secret": false
      },
      {
        "type": "Secret Keyword",
        "filename": "products/clinic/tests/clinic_rbac_test.py",
        "hashed_secret": "a0d91b558bc29adaafd7b629b7629c3c5b435cc5",
        "is_verified": false,
        "line_number": 92,
        "is_secret": false
      },
      {
        "type": "Secret Keyword",
        "filename": "products/clinic/tests/clinic_rbac_test.py",
        "hashed_secret": "6d95c8c58b536b7caf922a3e3b38619022c70acc",
        "is_verified": false,
        "line_number": 214,
        "is_secret": false
      }
    ],
    "products/clinic/tests/clinic_workflow_test.py": [
      {
        "type": "Secret Keyword",
        "filename": "products/clinic/tests/clinic_workflow_test.py",
        "hashed_secret": "d7ccab2bd3b9264fdb57c6e5f28f4d4c7ab23837",
        "is_verified": false,
        "line_number": 56,
        "is_secret": false
      }
    ],
    "products/clinic/tests/wave1c_financial_gate_test.py": [
      {
        "type": "Secret Keyword",
        "filename": "products/clinic/tests/wave1c_financial_gate_test.py",
        "hashed_secret": "8e9bb13977270d1db57decac994a05bd716d903e",
        "is_verified": false,
        "line_number": 80,
        "is_secret": false
      }
    ],
    "products/retail/frontend/locales/en.json": [
      {
        "type": "Secret Keyword",
        "filename": "products/retail/frontend/locales/en.json",
        "hashed_secret": "8be3c943b1609fffbfc51aad666d0a04adf83c9d",
        "is_verified": false,
        "line_number": 8,
        "is_secret": false
      }
    ],
    "products/retail/tests/launcher_support_test.py": [
      {
        "type": "Basic Auth Credentials",
        "filename": "products/retail/tests/launcher_support_test.py",
        "hashed_secret": "9d4e1e23bd5b727046a9e3b4b7db57bd8d6ee684",
        "is_verified": false,
        "line_number": 113,
        "is_secret": false
      }
    ],
    "products/retail/tests/retail_backup_restore_test.py": [
      {
        "type": "Secret Keyword",
        "filename": "products/retail/tests/retail_backup_restore_test.py",
        "hashed_secret": "044a2abf5a22cb5256ffcb667bf51584f0da3047",
        "is_verified": false,
        "line_number": 234,
        "is_secret": false
      },
      {
        "type": "Secret Keyword",
        "filename": "products/retail/tests/retail_backup_restore_test.py",
        "hashed_secret": "6efc2118c9cb9fbc809a5f66e2e947dde1a9de93",
        "is_verified": false,
        "line_number": 259,
        "is_secret": false
      }
    ],
    "products/retail/tests/retail_capability_guard_test.py": [
      {
        "type": "Secret Keyword",
        "filename": "products/retail/tests/retail_capability_guard_test.py",
        "hashed_secret": "e75adf20aca8d1358f27ae973e0850efee1fc480",
        "is_verified": false,
        "line_number": 65,
        "is_secret": false
      }
    ],
    "products/retail/tests/retail_einvoicing_regression_test.py": [
      {
        "type": "Secret Keyword",
        "filename": "products/retail/tests/retail_einvoicing_regression_test.py",
        "hashed_secret": "f3fe434489c5322dc90b1da90db82533b432a185",
        "is_verified": false,
        "line_number": 104,
        "is_secret": false
      }
    ],
    "products/retail/tests/retail_einvoicing_test.py": [
      {
        "type": "Secret Keyword",
        "filename": "products/retail/tests/retail_einvoicing_test.py",
        "hashed_secret": "7398ec485595a41bdf3ff796da3c942b0b8ecf4e",
        "is_verified": false,
        "line_number": 55,
        "is_secret": false
      }
    ],
    "products/retail/tests/retail_financial_authority_test.py": [
      {
        "type": "Secret Keyword",
        "filename": "products/retail/tests/retail_financial_authority_test.py",
        "hashed_secret": "b89b70493a1e5d8867524cd9bb348df0e1a22150",
        "is_verified": false,
        "line_number": 59,
        "is_secret": false
      }
    ],
    "products/retail/tests/retail_import_export_test.py": [
      {
        "type": "Secret Keyword",
        "filename": "products/retail/tests/retail_import_export_test.py",
        "hashed_secret": "753189ac0bcee7335bbd4842334e1e7123f9d005",
        "is_verified": false,
        "line_number": 64,
        "is_secret": false
      }
    ],
    "products/retail/tests/retail_localization_test.py": [
      {
        "type": "Secret Keyword",
        "filename": "products/retail/tests/retail_localization_test.py",
        "hashed_secret": "493f8733fd01c0fc9d347a4d62c1087994c4986e",
        "is_verified": false,
        "line_number": 61,
        "is_secret": false
      }
    ],
    "products/retail/tests/retail_onboarding_wave0_test.py": [
      {
        "type": "Secret Keyword",
        "filename": "products/retail/tests/retail_onboarding_wave0_test.py",
        "hashed_secret": "075333e711e39a50382dce2952e846f3b18ff974",
        "is_verified": false,
        "line_number": 61,
        "is_secret": false
      },
      {
        "type": "Secret Keyword",
        "filename": "products/retail/tests/retail_onboarding_wave0_test.py",
        "hashed_secret": "f8a836f0236885898244bd6bdefb778b4a9e5f28",
        "is_verified": false,
        "line_number": 82,
        "is_secret": false
      },
      {
        "type": "Secret Keyword",
        "filename": "products/retail/tests/retail_onboarding_wave0_test.py",
        "hashed_secret": "a0166ba9f5f94b87d59bd2038d2551f3d6f22d3a",
        "is_verified": false,
        "line_number": 121,
        "is_secret": false
      },
      {
        "type": "Secret Keyword",
        "filename": "products/retail/tests/retail_onboarding_wave0_test.py",
        "hashed_secret": "c759e3d9de9d76fdc4ce4221640510b5612658f3",
        "is_verified": false,
        "line_number": 154,
        "is_secret": false
      }
    ],
    "products/retail/tests/retail_phase7_migration_test.py": [
      {
        "type": "Secret Keyword",
        "filename": "products/retail/tests/retail_phase7_migration_test.py",
        "hashed_secret": "d416468f162df6dbdb1f6b8f8fbae47a88101b1f",
        "is_verified": false,
        "line_number": 55,
        "is_secret": false
      }
    ],
    "products/retail/tests/retail_pricing_test.py": [
      {
        "type": "Secret Keyword",
        "filename": "products/retail/tests/retail_pricing_test.py",
        "hashed_secret": "7b97d37de332f87a075f4bada8bf61d0b5db81f0",
        "is_verified": false,
        "line_number": 151,
        "is_secret": false
      }
    ],
    "products/retail/tests/retail_returns_wave0_test.py": [
      {
        "type": "Secret Keyword",
        "filename": "products/retail/tests/retail_returns_wave0_test.py",
        "hashed_secret": "1d224a714ad1218814db56fb3b661f34793849a9",
        "is_verified": false,
        "line_number": 57,
        "is_secret": false
      }
    ],
    "products/retail/tests/retail_security_test.py": [
      {
        "type": "Secret Keyword",
        "filename": "products/retail/tests/retail_security_test.py",
        "hashed_secret": "36ffa6d5c5423b145846fe49cbed4b630b1da101",
        "is_verified": false,
        "line_number": 111,
        "is_secret": false
      },
      {
        "type": "Secret Keyword",
        "filename": "products/retail/tests/retail_security_test.py",
        "hashed_secret": "7305159a899d166147b5bd7ae1e723e986723bd0",
        "is_verified": false,
        "line_number": 382,
        "is_secret": false
      },
      {
        "type": "Secret Keyword",
        "filename": "products/retail/tests/retail_security_test.py",
        "hashed_secret": "bdce51aed97d1ba93fc14d641954c2878213ca1f",
        "is_verified": false,
        "line_number": 393,
        "is_secret": false
      },
      {
        "type": "Secret Keyword",
        "filename": "products/retail/tests/retail_security_test.py",
        "hashed_secret": "0511180fc96e679b597b0768cc01837171a7a90c",
        "is_verified": false,
        "line_number": 406,
        "is_secret": false
      },
      {
        "type": "Secret Keyword",
        "filename": "products/retail/tests/retail_security_test.py",
        "hashed_secret": "bb3d0c0fd61af4a487ddb6dacce040f376494a37",
        "is_verified": false,
        "line_number": 436,
        "is_secret": false
      },
      {
        "type": "Secret Keyword",
        "filename": "products/retail/tests/retail_security_test.py",
        "hashed_secret": "8c98041d4e11155bc42a2b44c3c907adb87939a5",
        "is_verified": false,
        "line_number": 476,
        "is_secret": false
      },
      {
        "type": "Secret Keyword",
        "filename": "products/retail/tests/retail_security_test.py",
        "hashed_secret": "edc8de98babc63de16d0d0f315099245a24c7ac5",
        "is_verified": false,
        "line_number": 496,
        "is_secret": false
      },
      {
        "type": "Secret Keyword",
        "filename": "products/retail/tests/retail_security_test.py",
        "hashed_secret": "b307eeab4c7d9e6d2b188d276477cb1850525929",
        "is_verified": false,
        "line_number": 518,
        "is_secret": false
      },
      {
        "type": "Secret Keyword",
        "filename": "products/retail/tests/retail_security_test.py",
        "hashed_secret": "1ebedef23f96bf1e3bc03706f9ea004016ee9be9",
        "is_verified": false,
        "line_number": 593,
        "is_secret": false
      },
      {
        "type": "Secret Keyword",
        "filename": "products/retail/tests/retail_security_test.py",
        "hashed_secret": "5b2059fed20b3ff0e2ab4b8ddc2a9ac86497b1e2",
        "is_verified": false,
        "line_number": 603,
        "is_secret": false
      }
    ],
    "products/retail/tests/wave1c_financial_gate_test.py": [
      {
        "type": "Secret Keyword",
        "filename": "products/retail/tests/wave1c_financial_gate_test.py",
        "hashed_secret": "8e9bb13977270d1db57decac994a05bd716d903e",
        "is_verified": false,
        "line_number": 72,
        "is_secret": false
      }
    ],
    "scripts/sync/sync.config": [
      {
        "type": "Secret Keyword",
        "filename": "scripts/sync/sync.config",
        "hashed_secret": "5ffe533b830f08a0326348a9160afafc8ada44db",
        "is_verified": false,
        "line_number": 31,
        "is_secret": false
      }
    ],
    "owner/migrations/versions/56216a528eff_week2_cash_closing_submitted_by.py": [
      {
        "type": "Hex High Entropy String",
        "filename": "owner/migrations/versions/56216a528eff_week2_cash_closing_submitted_by.py",
        "hashed_secret": "7a5385c70c2046e6059b04eeaf5051769c69c06a",
        "is_verified": false,
        "line_number": 19,
        "is_secret": false
      }
    ]
  },
  "generated_at": "2026-08-13T17:34:53Z"
}
