{
  "version": "1.5.0",
  "plugins_used": [
    {
      "name": "ArtifactoryDetector"
    },
    {
      "name": "AWSKeyDetector"
    },
    {
      "name": "AzureStorageKeyDetector"
    },
    {
      "name": "Base64HighEntropyString",
      "limit": 4.5
    },
    {
      "name": "BasicAuthDetector"
    },
    {
      "name": "CloudantDetector"
    },
    {
      "name": "DiscordBotTokenDetector"
    },
    {
      "name": "GitHubTokenDetector"
    },
    {
      "name": "GitLabTokenDetector"
    },
    {
      "name": "HexHighEntropyString",
      "limit": 3.0
    },
    {
      "name": "IbmCloudIamDetector"
    },
    {
      "name": "IbmCosHmacDetector"
    },
    {
      "name": "IPPublicDetector"
    },
    {
      "name": "JwtTokenDetector"
    },
    {
      "name": "KeywordDetector",
      "keyword_exclude": ""
    },
    {
      "name": "MailchimpDetector"
    },
    {
      "name": "NpmDetector"
    },
    {
      "name": "OpenAIDetector"
    },
    {
      "name": "PrivateKeyDetector"
    },
    {
      "name": "PypiTokenDetector"
    },
    {
      "name": "SendGridDetector"
    },
    {
      "name": "SlackDetector"
    },
    {
      "name": "SoftlayerDetector"
    },
    {
      "name": "SquareOAuthDetector"
    },
    {
      "name": "StripeDetector"
    },
    {
      "name": "TelegramBotTokenDetector"
    },
    {
      "name": "TwilioKeyDetector"
    }
  ],
  "filters_used": [
    {
      "path": "detect_secrets.filters.allowlist.is_line_allowlisted"
    },
    {
      "path": "detect_secrets.filters.common.is_ignored_due_to_verification_policies",
      "min_level": 2
    },
    {
      "path": "detect_secrets.filters.heuristic.is_indirect_reference"
    },
    {
      "path": "detect_secrets.filters.heuristic.is_likely_id_string"
    },
    {
      "path": "detect_secrets.filters.heuristic.is_lock_file"
    },
    {
      "path": "detect_secrets.filters.heuristic.is_not_alphanumeric_string"
    },
    {
      "path": "detect_secrets.filters.heuristic.is_potential_uuid"
    },
    {
      "path": "detect_secrets.filters.heuristic.is_prefixed_with_dollar_sign"
    },
    {
      "path": "detect_secrets.filters.heuristic.is_sequential_string"
    },
    {
      "path": "detect_secrets.filters.heuristic.is_swagger_file"
    },
    {
      "path": "detect_secrets.filters.heuristic.is_templated_secret"
    },
    {
      "path": "detect_secrets.filters.regex.should_exclude_file",
      "pattern": [
        "^owner[\\\\/]migrations[\\\\/]versions[\\\\/]"
      ]
    }
  ],
  "results": {
    ".env.example": [
      {
        "type": "Basic Auth Credentials",
        "filename": ".env.example",
        "hashed_secret": "7205a0abf00d1daec13c63ece029057c974795a9",
        "is_verified": false,
        "line_number": 42
      }
    ],
    ".github/workflows/ci.yml": [
      {
        "type": "Basic Auth Credentials",
        "filename": ".github/workflows/ci.yml",
        "hashed_secret": "5ba1dc40a39537b9ab1cec098c4068a49b5bde7d",
        "is_verified": false,
        "line_number": 31
      },
      {
        "type": "Secret Keyword",
        "filename": ".github/workflows/ci.yml",
        "hashed_secret": "c27da9f9bf97d3ba7c202d3bafbcf111c68f9043",
        "is_verified": false,
        "line_number": 54
      },
      {
        "type": "Base64 High Entropy String",
        "filename": ".github/workflows/ci.yml",
        "hashed_secret": "2fa7b319a30f8192bff419821985b1e061bc38ff",
        "is_verified": false,
        "line_number": 91
      },
      {
        "type": "Basic Auth Credentials",
        "filename": ".github/workflows/ci.yml",
        "hashed_secret": "c27da9f9bf97d3ba7c202d3bafbcf111c68f9043",
        "is_verified": false,
        "line_number": 111
      },
      {
        "type": "Secret Keyword",
        "filename": ".github/workflows/ci.yml",
        "hashed_secret": "22b93c5eee01e75da947a6a96dd9612dd62ccc5f",
        "is_verified": false,
        "line_number": 202
      }
    ],
    "android/aura-clinic/app/src/test/java/com/actionaura/clinic/licensing/Ed25519CrossVerifyTest.kt": [
      {
        "type": "Base64 High Entropy String",
        "filename": "android/aura-clinic/app/src/test/java/com/actionaura/clinic/licensing/Ed25519CrossVerifyTest.kt",
        "hashed_secret": "772abb9af82b9856d13bca32c1b501df5d6f4b54",
        "is_verified": false,
        "line_number": 83
      },
      {
        "type": "Base64 High Entropy String",
        "filename": "android/aura-clinic/app/src/test/java/com/actionaura/clinic/licensing/Ed25519CrossVerifyTest.kt",
        "hashed_secret": "6001693ac2b2aaa3d9a2fad6a01ee31343edfaa4",
        "is_verified": false,
        "line_number": 84
      },
      {
        "type": "Base64 High Entropy String",
        "filename": "android/aura-clinic/app/src/test/java/com/actionaura/clinic/licensing/Ed25519CrossVerifyTest.kt",
        "hashed_secret": "c51000093c5c082a4e48b61f5ab56e1d5df9b120",
        "is_verified": false,
        "line_number": 85
      }
    ],
    "android/aura-clinic/app/src/test/java/com/actionaura/clinic/net/PaymentContractTest.kt": [
      {
        "type": "Secret Keyword",
        "filename": "android/aura-clinic/app/src/test/java/com/actionaura/clinic/net/PaymentContractTest.kt",
        "hashed_secret": "3c2c80b3ea96ab530adbbe4d6b9862bbb1a3e5cc",
        "is_verified": false,
        "line_number": 123
      }
    ],
    "android/aura-clinic/keystore.properties.template": [
      {
        "type": "Secret Keyword",
        "filename": "android/aura-clinic/keystore.properties.template",
        "hashed_secret": "7205a0abf00d1daec13c63ece029057c974795a9",
        "is_verified": false,
        "line_number": 14
      }
    ],
    "android/aura-retail/app/src/test/java/com/actionaura/retail/licensing/Ed25519CrossVerifyTest.kt": [
      {
        "type": "Base64 High Entropy String",
        "filename": "android/aura-retail/app/src/test/java/com/actionaura/retail/licensing/Ed25519CrossVerifyTest.kt",
        "hashed_secret": "772abb9af82b9856d13bca32c1b501df5d6f4b54",
        "is_verified": false,
        "line_number": 83
      },
      {
        "type": "Base64 High Entropy String",
        "filename": "android/aura-retail/app/src/test/java/com/actionaura/retail/licensing/Ed25519CrossVerifyTest.kt",
        "hashed_secret": "6001693ac2b2aaa3d9a2fad6a01ee31343edfaa4",
        "is_verified": false,
        "line_number": 84
      },
      {
        "type": "Base64 High Entropy String",
        "filename": "android/aura-retail/app/src/test/java/com/actionaura/retail/licensing/Ed25519CrossVerifyTest.kt",
        "hashed_secret": "c51000093c5c082a4e48b61f5ab56e1d5df9b120",
        "is_verified": false,
        "line_number": 85
      }
    ],
    "android/aura-retail/app/src/test/java/com/actionaura/retail/sync/SyncCoordinatorTest.kt": [
      {
        "type": "Secret Keyword",
        "filename": "android/aura-retail/app/src/test/java/com/actionaura/retail/sync/SyncCoordinatorTest.kt",
        "hashed_secret": "e2b3fea0b3d714ff4743798ba871562ff3d6c84a",
        "is_verified": false,
        "line_number": 117
      }
    ],
    "android/aura-retail/keystore.properties.template": [
      {
        "type": "Secret Keyword",
        "filename": "android/aura-retail/keystore.properties.template",
        "hashed_secret": "7205a0abf00d1daec13c63ece029057c974795a9",
        "is_verified": false,
        "line_number": 14
      }
    ],
    "commercial_runtime/einvoicing/tests/test_audit.py": [
      {
        "type": "Secret Keyword",
        "filename": "commercial_runtime/einvoicing/tests/test_audit.py",
        "hashed_secret": "c6074a378f5827b9b90f58db5f32dc5530179aef",
        "is_verified": false,
        "line_number": 94
      }
    ],
    "commercial_runtime/einvoicing/tests/test_credentials.py": [
      {
        "type": "Secret Keyword",
        "filename": "commercial_runtime/einvoicing/tests/test_credentials.py",
        "hashed_secret": "c8d2039adc61d22483796776b6481ab3c78339eb",
        "is_verified": false,
        "line_number": 14
      }
    ],
    "commercial_runtime/einvoicing/tests/test_routes.py": [
      {
        "type": "Secret Keyword",
        "filename": "commercial_runtime/einvoicing/tests/test_routes.py",
        "hashed_secret": "fe1bae27cb7c1fb823f496f286e78f1d2ae87734",
        "is_verified": false,
        "line_number": 39
      }
    ],
    "commercial_runtime/identity/tests/test_admin_routes_require_login.py": [
      {
        "type": "Secret Keyword",
        "filename": "commercial_runtime/identity/tests/test_admin_routes_require_login.py",
        "hashed_secret": "fe1bae27cb7c1fb823f496f286e78f1d2ae87734",
        "is_verified": false,
        "line_number": 87
      },
      {
        "type": "Secret Keyword",
        "filename": "commercial_runtime/identity/tests/test_admin_routes_require_login.py",
        "hashed_secret": "46a8bc8e6e7e2db493775f4f764cc0c1836e9ad8",
        "is_verified": false,
        "line_number": 100
      }
    ],
    "commercial_runtime/identity/tests/test_device_routes.py": [
      {
        "type": "Secret Keyword",
        "filename": "commercial_runtime/identity/tests/test_device_routes.py",
        "hashed_secret": "fe1bae27cb7c1fb823f496f286e78f1d2ae87734",
        "is_verified": false,
        "line_number": 97
      }
    ],
    "commercial_runtime/identity/tests/test_employee_admin_routes.py": [
      {
        "type": "Secret Keyword",
        "filename": "commercial_runtime/identity/tests/test_employee_admin_routes.py",
        "hashed_secret": "fe1bae27cb7c1fb823f496f286e78f1d2ae87734",
        "is_verified": false,
        "line_number": 103
      },
      {
        "type": "Secret Keyword",
        "filename": "commercial_runtime/identity/tests/test_employee_admin_routes.py",
        "hashed_secret": "46a8bc8e6e7e2db493775f4f764cc0c1836e9ad8",
        "is_verified": false,
        "line_number": 116
      }
    ],
    "commercial_runtime/identity/tests/test_mt_require_subsystem_fail_closed.py": [
      {
        "type": "Secret Keyword",
        "filename": "commercial_runtime/identity/tests/test_mt_require_subsystem_fail_closed.py",
        "hashed_secret": "fe1bae27cb7c1fb823f496f286e78f1d2ae87734",
        "is_verified": false,
        "line_number": 49
      }
    ],
    "commercial_runtime/identity/tests/test_registry_v4_session_invalidation.py": [
      {
        "type": "Secret Keyword",
        "filename": "commercial_runtime/identity/tests/test_registry_v4_session_invalidation.py",
        "hashed_secret": "4b40a14f46dfab6ec67fefa4d435cd3dbb970f5b",
        "is_verified": false,
        "line_number": 157
      }
    ],
    "commercial_runtime/identity/tests/test_registry_v4_window.py": [
      {
        "type": "Secret Keyword",
        "filename": "commercial_runtime/identity/tests/test_registry_v4_window.py",
        "hashed_secret": "3ee21d65c2d6c2190ac64acdddd848518d928613",
        "is_verified": false,
        "line_number": 119
      },
      {
        "type": "Secret Keyword",
        "filename": "commercial_runtime/identity/tests/test_registry_v4_window.py",
        "hashed_secret": "b2a2a216859f8de0f39745b93fb8697562eee4b9",
        "is_verified": false,
        "line_number": 440
      }
    ],
    "commercial_runtime/identity/tests/test_user_permission_sync_emission_write_sites.py": [
      {
        "type": "Secret Keyword",
        "filename": "commercial_runtime/identity/tests/test_user_permission_sync_emission_write_sites.py",
        "hashed_secret": "fe1bae27cb7c1fb823f496f286e78f1d2ae87734",
        "is_verified": false,
        "line_number": 84
      },
      {
        "type": "Secret Keyword",
        "filename": "commercial_runtime/identity/tests/test_user_permission_sync_emission_write_sites.py",
        "hashed_secret": "46a8bc8e6e7e2db493775f4f764cc0c1836e9ad8",
        "is_verified": false,
        "line_number": 95
      },
      {
        "type": "Secret Keyword",
        "filename": "commercial_runtime/identity/tests/test_user_permission_sync_emission_write_sites.py",
        "hashed_secret": "0a7b38b716933a39c0bca66f229cd6d52f0c1271",
        "is_verified": false,
        "line_number": 188
      },
      {
        "type": "Secret Keyword",
        "filename": "commercial_runtime/identity/tests/test_user_permission_sync_emission_write_sites.py",
        "hashed_secret": "f22becdd95c8402f8787439c5acb433356ce2ea5",
        "is_verified": false,
        "line_number": 195
      }
    ],
    "commercial_runtime/identity/tests/test_user_sync_emission_write_sites.py": [
      {
        "type": "Secret Keyword",
        "filename": "commercial_runtime/identity/tests/test_user_sync_emission_write_sites.py",
        "hashed_secret": "fe1bae27cb7c1fb823f496f286e78f1d2ae87734",
        "is_verified": false,
        "line_number": 84
      },
      {
        "type": "Secret Keyword",
        "filename": "commercial_runtime/identity/tests/test_user_sync_emission_write_sites.py",
        "hashed_secret": "46a8bc8e6e7e2db493775f4f764cc0c1836e9ad8",
        "is_verified": false,
        "line_number": 95
      },
      {
        "type": "Secret Keyword",
        "filename": "commercial_runtime/identity/tests/test_user_sync_emission_write_sites.py",
        "hashed_secret": "792c5d769a23f50680f455a80106268c3e4757de",
        "is_verified": false,
        "line_number": 458
      }
    ],
    "commercial_runtime/licensing_contracts/tests/test_internal_sync_routes.py": [
      {
        "type": "Secret Keyword",
        "filename": "commercial_runtime/licensing_contracts/tests/test_internal_sync_routes.py",
        "hashed_secret": "c3c07c7bce1c26066f70e27ba858cb026e61b435",
        "is_verified": false,
        "line_number": 22
      },
      {
        "type": "Secret Keyword",
        "filename": "commercial_runtime/licensing_contracts/tests/test_internal_sync_routes.py",
        "hashed_secret": "7deeb1b520a95d17eb2f4cf59b05d5c5f9e71e4d",
        "is_verified": false,
        "line_number": 159
      }
    ],
    "commercial_runtime/notifications/tests/test_smtp_client.py": [
      {
        "type": "Secret Keyword",
        "filename": "commercial_runtime/notifications/tests/test_smtp_client.py",
        "hashed_secret": "e5e9fa1ba31ecd1ae84f75caaa474f3a663f05f4",
        "is_verified": false,
        "line_number": 42
      }
    ],
    "commercial_runtime/security/app_secret.py": [
      {
        "type": "Secret Keyword",
        "filename": "commercial_runtime/security/app_secret.py",
        "hashed_secret": "b8350d6ec1d21916ad3e0ac5cfc0905e76bbbfd1",
        "is_verified": false,
        "line_number": 27
      }
    ],
    "commercial_runtime/security/audit.py": [
      {
        "type": "Secret Keyword",
        "filename": "commercial_runtime/security/audit.py",
        "hashed_secret": "2a72d58390f098e834c421cca3fad5d09c0fe74f",
        "is_verified": false,
        "line_number": 35
      },
      {
        "type": "Secret Keyword",
        "filename": "commercial_runtime/security/audit.py",
        "hashed_secret": "630254b80e05ea9a12bb7f4f5599c840eb6eefd1",
        "is_verified": false,
        "line_number": 36
      }
    ],
    "commercial_runtime/sync/tests/test_android_registry_stream.py": [
      {
        "type": "Secret Keyword",
        "filename": "commercial_runtime/sync/tests/test_android_registry_stream.py",
        "hashed_secret": "23dfe7ed51521febbb344693c4b5fb485f44a6a1",
        "is_verified": false,
        "line_number": 85
      },
      {
        "type": "Secret Keyword",
        "filename": "commercial_runtime/sync/tests/test_android_registry_stream.py",
        "hashed_secret": "e1da62ead52c0c84a07c0cf00b702b077644716b",
        "is_verified": false,
        "line_number": 385
      }
    ],
    "commercial_runtime/sync/tests/test_internal_routes.py": [
      {
        "type": "Secret Keyword",
        "filename": "commercial_runtime/sync/tests/test_internal_routes.py",
        "hashed_secret": "e2b3fea0b3d714ff4743798ba871562ff3d6c84a",
        "is_verified": false,
        "line_number": 19
      }
    ],
    "commercial_runtime/sync/tests/test_registry_user_permission_sync_apply.py": [
      {
        "type": "Secret Keyword",
        "filename": "commercial_runtime/sync/tests/test_registry_user_permission_sync_apply.py",
        "hashed_secret": "4abecb620fcc267d98fdda4a473b59e8a017c517",
        "is_verified": false,
        "line_number": 63
      }
    ],
    "commercial_runtime/sync/tests/test_registry_user_sync_apply.py": [
      {
        "type": "Secret Keyword",
        "filename": "commercial_runtime/sync/tests/test_registry_user_sync_apply.py",
        "hashed_secret": "4abecb620fcc267d98fdda4a473b59e8a017c517",
        "is_verified": false,
        "line_number": 71
      },
      {
        "type": "Secret Keyword",
        "filename": "commercial_runtime/sync/tests/test_registry_user_sync_apply.py",
        "hashed_secret": "615a14bfe23de02a4a81acfb38be3ac3e5e391e1",
        "is_verified": false,
        "line_number": 116
      },
      {
        "type": "Secret Keyword",
        "filename": "commercial_runtime/sync/tests/test_registry_user_sync_apply.py",
        "hashed_secret": "7aa82bc8da71e781f2eb11d9719d44ba79f8d37d",
        "is_verified": false,
        "line_number": 203
      },
      {
        "type": "Secret Keyword",
        "filename": "commercial_runtime/sync/tests/test_registry_user_sync_apply.py",
        "hashed_secret": "518eb8b656635d2d2725a64d37765c20079dc7c2",
        "is_verified": false,
        "line_number": 468
      },
      {
        "type": "Secret Keyword",
        "filename": "commercial_runtime/sync/tests/test_registry_user_sync_apply.py",
        "hashed_secret": "2696899fbe7df03b57a14afb88c88880261c40f9",
        "is_verified": false,
        "line_number": 779
      }
    ],
    "commercial_runtime/sync/tests/test_user_permission_sync_two_device_roundtrip.py": [
      {
        "type": "Secret Keyword",
        "filename": "commercial_runtime/sync/tests/test_user_permission_sync_two_device_roundtrip.py",
        "hashed_secret": "fe1bae27cb7c1fb823f496f286e78f1d2ae87734",
        "is_verified": false,
        "line_number": 111
      },
      {
        "type": "Secret Keyword",
        "filename": "commercial_runtime/sync/tests/test_user_permission_sync_two_device_roundtrip.py",
        "hashed_secret": "46a8bc8e6e7e2db493775f4f764cc0c1836e9ad8",
        "is_verified": false,
        "line_number": 166
      },
      {
        "type": "Secret Keyword",
        "filename": "commercial_runtime/sync/tests/test_user_permission_sync_two_device_roundtrip.py",
        "hashed_secret": "0a7b38b716933a39c0bca66f229cd6d52f0c1271",
        "is_verified": false,
        "line_number": 251
      },
      {
        "type": "Secret Keyword",
        "filename": "commercial_runtime/sync/tests/test_user_permission_sync_two_device_roundtrip.py",
        "hashed_secret": "f22becdd95c8402f8787439c5acb433356ce2ea5",
        "is_verified": false,
        "line_number": 257
      }
    ],
    "commercial_runtime/sync/tests/test_user_sync_emit_two_device_roundtrip.py": [
      {
        "type": "Secret Keyword",
        "filename": "commercial_runtime/sync/tests/test_user_sync_emit_two_device_roundtrip.py",
        "hashed_secret": "fe1bae27cb7c1fb823f496f286e78f1d2ae87734",
        "is_verified": false,
        "line_number": 127
      },
      {
        "type": "Secret Keyword",
        "filename": "commercial_runtime/sync/tests/test_user_sync_emit_two_device_roundtrip.py",
        "hashed_secret": "46a8bc8e6e7e2db493775f4f764cc0c1836e9ad8",
        "is_verified": false,
        "line_number": 165
      },
      {
        "type": "Secret Keyword",
        "filename": "commercial_runtime/sync/tests/test_user_sync_emit_two_device_roundtrip.py",
        "hashed_secret": "3d9c2f8e56fe284f3e9737863b6c07afb060fd5f",
        "is_verified": false,
        "line_number": 334
      },
      {
        "type": "Secret Keyword",
        "filename": "commercial_runtime/sync/tests/test_user_sync_emit_two_device_roundtrip.py",
        "hashed_secret": "39a57a314616125f335c54837c5870d653b373fc",
        "is_verified": false,
        "line_number": 347
      }
    ],
    "docs/audit/22-master-defect-registry.json": [
      {
        "type": "Hex High Entropy String",
        "filename": "docs/audit/22-master-defect-registry.json",
        "hashed_secret": "2f84a333846515a0e527a6dc23c7274214d43bb2",
        "is_verified": false,
        "line_number": 1133
      }
    ],
    "docs/corrections/launcher/pre-fix-reproduction.md": [
      {
        "type": "Basic Auth Credentials",
        "filename": "docs/corrections/launcher/pre-fix-reproduction.md",
        "hashed_secret": "9d4e1e23bd5b727046a9e3b4b7db57bd8d6ee684",
        "is_verified": false,
        "line_number": 96
      }
    ],
    "docs/launch-readiness/seats-and-chain-design.md": [
      {
        "type": "Secret Keyword",
        "filename": "docs/launch-readiness/seats-and-chain-design.md",
        "hashed_secret": "0a7b38b716933a39c0bca66f229cd6d52f0c1271",
        "is_verified": false,
        "line_number": 283
      }
    ],
    "docs/licensing/phase7/phase7-scope-and-baseline.md": [
      {
        "type": "Basic Auth Credentials",
        "filename": "docs/licensing/phase7/phase7-scope-and-baseline.md",
        "hashed_secret": "5ba1dc40a39537b9ab1cec098c4068a49b5bde7d",
        "is_verified": false,
        "line_number": 53
      }
    ],
    "docs/licensing/phase7v-final/final-trust-anchor-evidence.md": [
      {
        "type": "Base64 High Entropy String",
        "filename": "docs/licensing/phase7v-final/final-trust-anchor-evidence.md",
        "hashed_secret": "6751e2bafa95b6953ecae08baab240d2cc78fb1e",
        "is_verified": false,
        "line_number": 16
      }
    ],
    "docs/migration/source-inventory.md": [
      {
        "type": "Secret Keyword",
        "filename": "docs/migration/source-inventory.md",
        "hashed_secret": "547393d8ff66a2d3de947c8177fe59bb212a083b",
        "is_verified": false,
        "line_number": 68
      }
    ],
    "docs/owner/phase5/owner-database-backup-and-recovery.md": [
      {
        "type": "Basic Auth Credentials",
        "filename": "docs/owner/phase5/owner-database-backup-and-recovery.md",
        "hashed_secret": "5baa61e4c9b93f3f0682250b6cf8331b7ee68fd8",
        "is_verified": false,
        "line_number": 17
      }
    ],
    "docs/owner/phase5/owner-local-development-guide.md": [
      {
        "type": "Basic Auth Credentials",
        "filename": "docs/owner/phase5/owner-local-development-guide.md",
        "hashed_secret": "5ba1dc40a39537b9ab1cec098c4068a49b5bde7d",
        "is_verified": false,
        "line_number": 14
      }
    ],
    "docs/owner/phase5/owner-test-report.md": [
      {
        "type": "Basic Auth Credentials",
        "filename": "docs/owner/phase5/owner-test-report.md",
        "hashed_secret": "5ba1dc40a39537b9ab1cec098c4068a49b5bde7d",
        "is_verified": false,
        "line_number": 4
      }
    ],
    "docs/owner/phase6/activation-e2e-evidence.md": [
      {
        "type": "Basic Auth Credentials",
        "filename": "docs/owner/phase6/activation-e2e-evidence.md",
        "hashed_secret": "5ba1dc40a39537b9ab1cec098c4068a49b5bde7d",
        "is_verified": false,
        "line_number": 8
      }
    ],
    "docs/owner/phase8v/real-traffic-evidence.md": [
      {
        "type": "Hex High Entropy String",
        "filename": "docs/owner/phase8v/real-traffic-evidence.md",
        "hashed_secret": "4cbc74fb4570c866622da589933ba54f64fba15b",
        "is_verified": false,
        "line_number": 67
      }
    ],
    "docs/owner/phase8vp/PHASE8VP-PHYSICAL-COMMERCIAL-CLOSURE-HANDOVER.md": [
      {
        "type": "Basic Auth Credentials",
        "filename": "docs/owner/phase8vp/PHASE8VP-PHYSICAL-COMMERCIAL-CLOSURE-HANDOVER.md",
        "hashed_secret": "5ba1dc40a39537b9ab1cec098c4068a49b5bde7d",
        "is_verified": false,
        "line_number": 172
      }
    ],
    "docs/owner/phase8vp5/raw-wire-evidence.md": [
      {
        "type": "Base64 High Entropy String",
        "filename": "docs/owner/phase8vp5/raw-wire-evidence.md",
        "hashed_secret": "2503d06636ad9f2543b35f232cc1da8b1904ee60",
        "is_verified": false,
        "line_number": 28
      },
      {
        "type": "Base64 High Entropy String",
        "filename": "docs/owner/phase8vp5/raw-wire-evidence.md",
        "hashed_secret": "92c914ce40231251b85a07d4875c97efbd7290dd",
        "is_verified": false,
        "line_number": 31
      },
      {
        "type": "Hex High Entropy String",
        "filename": "docs/owner/phase8vp5/raw-wire-evidence.md",
        "hashed_secret": "df291df2263c40dc20ccc168690e3dc0a8b13f03",
        "is_verified": false,
        "line_number": 73
      }
    ],
    "docs/owner/phase9/evidence/bandit-owner-app.json": [
      {
        "type": "Secret Keyword",
        "filename": "docs/owner/phase9/evidence/bandit-owner-app.json",
        "hashed_secret": "d4e0e04792fd434b5dc9c4155c178f66edcf4ed3",
        "is_verified": false,
        "line_number": 1370
      }
    ],
    "docs/owner/phase9/security-hardening-report.md": [
      {
        "type": "Secret Keyword",
        "filename": "docs/owner/phase9/security-hardening-report.md",
        "hashed_secret": "d4e0e04792fd434b5dc9c4155c178f66edcf4ed3",
        "is_verified": false,
        "line_number": 54
      }
    ],
    "docs/owner/phase9_5b_r/auth-and-mfa-localization-report.md": [
      {
        "type": "Secret Keyword",
        "filename": "docs/owner/phase9_5b_r/auth-and-mfa-localization-report.md",
        "hashed_secret": "935aa0474981a12d34cc19f910f4fc9fdc5c7c67",
        "is_verified": false,
        "line_number": 4
      }
    ],
    "docs/owner/phase9_5b_r3/flaky-test-reproduction-report.md": [
      {
        "type": "Basic Auth Credentials",
        "filename": "docs/owner/phase9_5b_r3/flaky-test-reproduction-report.md",
        "hashed_secret": "5ba1dc40a39537b9ab1cec098c4068a49b5bde7d",
        "is_verified": false,
        "line_number": 16
      }
    ],
    "docs/owner/phase9_5b_r3/infrastructure-security-regression-final.md": [
      {
        "type": "Basic Auth Credentials",
        "filename": "docs/owner/phase9_5b_r3/infrastructure-security-regression-final.md",
        "hashed_secret": "5ba1dc40a39537b9ab1cec098c4068a49b5bde7d",
        "is_verified": false,
        "line_number": 11
      }
    ],
    "docs/owner/phase9_5b_r3/secret-scan-false-positive-review.md": [
      {
        "type": "Basic Auth Credentials",
        "filename": "docs/owner/phase9_5b_r3/secret-scan-false-positive-review.md",
        "hashed_secret": "5ba1dc40a39537b9ab1cec098c4068a49b5bde7d",
        "is_verified": false,
        "line_number": 25
      },
      {
        "type": "Base64 High Entropy String",
        "filename": "docs/owner/phase9_5b_r3/secret-scan-false-positive-review.md",
        "hashed_secret": "b1fe677d4af642704255d25962dc4f90dabe0420",
        "is_verified": false,
        "line_number": 55
      }
    ],
    "docs/owner/phase9_5b_r3/secret-scan-final.md": [
      {
        "type": "Basic Auth Credentials",
        "filename": "docs/owner/phase9_5b_r3/secret-scan-final.md",
        "hashed_secret": "5ba1dc40a39537b9ab1cec098c4068a49b5bde7d",
        "is_verified": false,
        "line_number": 41
      },
      {
        "type": "Base64 High Entropy String",
        "filename": "docs/owner/phase9_5b_r3/secret-scan-final.md",
        "hashed_secret": "b1fe677d4af642704255d25962dc4f90dabe0420",
        "is_verified": false,
        "line_number": 44
      }
    ],
    "docs/owner/phase9_5e/performance-explain-analyze-raw.txt": [
      {
        "type": "Hex High Entropy String",
        "filename": "docs/owner/phase9_5e/performance-explain-analyze-raw.txt",
        "hashed_secret": "aa597cad03532678efb51d61ad2567b9b3b5cb81",
        "is_verified": false,
        "line_number": 131
      }
    ],
    "docs/owner/phase9_5e/phase9-5e-gate-matrix.md": [
      {
        "type": "Secret Keyword",
        "filename": "docs/owner/phase9_5e/phase9-5e-gate-matrix.md",
        "hashed_secret": "4b3c3033f530516a820a2ef8dd28ec833db22084",
        "is_verified": false,
        "line_number": 22
      }
    ],
    "docs/owner/phase9_5e/secret-scan-report.md": [
      {
        "type": "Basic Auth Credentials",
        "filename": "docs/owner/phase9_5e/secret-scan-report.md",
        "hashed_secret": "5ba1dc40a39537b9ab1cec098c4068a49b5bde7d",
        "is_verified": false,
        "line_number": 25
      },
      {
        "type": "Secret Keyword",
        "filename": "docs/owner/phase9_5e/secret-scan-report.md",
        "hashed_secret": "d4e0e04792fd434b5dc9c4155c178f66edcf4ed3",
        "is_verified": false,
        "line_number": 26
      }
    ],
    "docs/owner/ui-modernization/commercial-flow-ui-contract.md": [
      {
        "type": "Basic Auth Credentials",
        "filename": "docs/owner/ui-modernization/commercial-flow-ui-contract.md",
        "hashed_secret": "5ba1dc40a39537b9ab1cec098c4068a49b5bde7d",
        "is_verified": false,
        "line_number": 370
      }
    ],
    "docs/owner/ui-modernization/customer-360-contract.md": [
      {
        "type": "Basic Auth Credentials",
        "filename": "docs/owner/ui-modernization/customer-360-contract.md",
        "hashed_secret": "5ba1dc40a39537b9ab1cec098c4068a49b5bde7d",
        "is_verified": false,
        "line_number": 207
      }
    ],
    "docs/owner/ui-modernization/finance-ui-contract.md": [
      {
        "type": "Basic Auth Credentials",
        "filename": "docs/owner/ui-modernization/finance-ui-contract.md",
        "hashed_secret": "5ba1dc40a39537b9ab1cec098c4068a49b5bde7d",
        "is_verified": false,
        "line_number": 534
      }
    ],
    "docs/owner/ui-modernization/licensing-command-center-contract.md": [
      {
        "type": "Basic Auth Credentials",
        "filename": "docs/owner/ui-modernization/licensing-command-center-contract.md",
        "hashed_secret": "5ba1dc40a39537b9ab1cec098c4068a49b5bde7d",
        "is_verified": false,
        "line_number": 454
      }
    ],
    "docs/release/android-production-signing-policy.md": [
      {
        "type": "Secret Keyword",
        "filename": "docs/release/android-production-signing-policy.md",
        "hashed_secret": "7e374b6065e6085605896e76f51807970c656f62",
        "is_verified": false,
        "line_number": 22
      }
    ],
    "docs/retail/unified_mobile/signed-lease-cryptography-decision.md": [
      {
        "type": "Base64 High Entropy String",
        "filename": "docs/retail/unified_mobile/signed-lease-cryptography-decision.md",
        "hashed_secret": "91ebd75f8ee7746dfc4d9cf1a54bdd9c887f0ec4",
        "is_verified": false,
        "line_number": 45
      }
    ],
    "mobile/aura-retail-unified/shared/src/commonMain/kotlin/com/actionaura/retail/licensing/lease/LeaseVerificationKeyRing.kt": [
      {
        "type": "Base64 High Entropy String",
        "filename": "mobile/aura-retail-unified/shared/src/commonMain/kotlin/com/actionaura/retail/licensing/lease/LeaseVerificationKeyRing.kt",
        "hashed_secret": "91ebd75f8ee7746dfc4d9cf1a54bdd9c887f0ec4",
        "is_verified": false,
        "line_number": 86
      }
    ],
    "mobile/aura-retail-unified/shared/src/commonTest/kotlin/com/actionaura/retail/licensing/transport/M9OrchestrationTest.kt": [
      {
        "type": "Basic Auth Credentials",
        "filename": "mobile/aura-retail-unified/shared/src/commonTest/kotlin/com/actionaura/retail/licensing/transport/M9OrchestrationTest.kt",
        "hashed_secret": "9d4e1e23bd5b727046a9e3b4b7db57bd8d6ee684",
        "is_verified": false,
        "line_number": 69
      }
    ],
    "owner/.env.example": [
      {
        "type": "Basic Auth Credentials",
        "filename": "owner/.env.example",
        "hashed_secret": "5ba1dc40a39537b9ab1cec098c4068a49b5bde7d",
        "is_verified": false,
        "line_number": 10
      }
    ],
    "owner/README.md": [
      {
        "type": "Basic Auth Credentials",
        "filename": "owner/README.md",
        "hashed_secret": "5ba1dc40a39537b9ab1cec098c4068a49b5bde7d",
        "is_verified": false,
        "line_number": 39
      }
    ],
    "owner/alembic.ini": [
      {
        "type": "Basic Auth Credentials",
        "filename": "owner/alembic.ini",
        "hashed_secret": "9d4e1e23bd5b727046a9e3b4b7db57bd8d6ee684",
        "is_verified": false,
        "line_number": 5
      }
    ],
    "owner/app/config.py": [
      {
        "type": "Basic Auth Credentials",
        "filename": "owner/app/config.py",
        "hashed_secret": "5ba1dc40a39537b9ab1cec098c4068a49b5bde7d",
        "is_verified": false,
        "line_number": 398
      },
      {
        "type": "Secret Keyword",
        "filename": "owner/app/config.py",
        "hashed_secret": "d4e0e04792fd434b5dc9c4155c178f66edcf4ed3",
        "is_verified": false,
        "line_number": 418
      }
    ],
    "owner/app/security/license_keys.py": [
      {
        "type": "Base64 High Entropy String",
        "filename": "owner/app/security/license_keys.py",
        "hashed_secret": "b1fe677d4af642704255d25962dc4f90dabe0420",
        "is_verified": false,
        "line_number": 18
      }
    ],
    "owner/docker-compose.yml": [
      {
        "type": "Secret Keyword",
        "filename": "owner/docker-compose.yml",
        "hashed_secret": "5ba1dc40a39537b9ab1cec098c4068a49b5bde7d",
        "is_verified": false,
        "line_number": 10
      },
      {
        "type": "Basic Auth Credentials",
        "filename": "owner/docker-compose.yml",
        "hashed_secret": "5ba1dc40a39537b9ab1cec098c4068a49b5bde7d",
        "is_verified": false,
        "line_number": 30
      }
    ],
    "owner/tests/_wait_for_lock.py": [
      {
        "type": "Basic Auth Credentials",
        "filename": "owner/tests/_wait_for_lock.py",
        "hashed_secret": "5ba1dc40a39537b9ab1cec098c4068a49b5bde7d",
        "is_verified": false,
        "line_number": 6
      }
    ],
    "owner/tests/conftest.py": [
      {
        "type": "Basic Auth Credentials",
        "filename": "owner/tests/conftest.py",
        "hashed_secret": "5ba1dc40a39537b9ab1cec098c4068a49b5bde7d",
        "is_verified": false,
        "line_number": 13
      },
      {
        "type": "Secret Keyword",
        "filename": "owner/tests/conftest.py",
        "hashed_secret": "2251dd4d35d8a968b50badb4c7ca6d81ad35a6c7",
        "is_verified": false,
        "line_number": 110
      }
    ],
    "owner/tests/test_auth.py": [
      {
        "type": "Secret Keyword",
        "filename": "owner/tests/test_auth.py",
        "hashed_secret": "98a97783904ee0b502a597ba85c575278b14a511",
        "is_verified": false,
        "line_number": 22
      },
      {
        "type": "Secret Keyword",
        "filename": "owner/tests/test_auth.py",
        "hashed_secret": "a4b48a81cdab1e1a5dd37907d6c85ca1c61ddc7c",
        "is_verified": false,
        "line_number": 90
      },
      {
        "type": "Secret Keyword",
        "filename": "owner/tests/test_auth.py",
        "hashed_secret": "99ef2d887c58779266025399b50141bf186da1f6",
        "is_verified": false,
        "line_number": 202
      }
    ],
    "owner/tests/test_lead_discovery_provider.py": [
      {
        "type": "Secret Keyword",
        "filename": "owner/tests/test_lead_discovery_provider.py",
        "hashed_secret": "5bf21639baa3d5657aae6d11d556e83fc590f419",
        "is_verified": false,
        "line_number": 188
      },
      {
        "type": "Secret Keyword",
        "filename": "owner/tests/test_lead_discovery_provider.py",
        "hashed_secret": "9e52503a0984e613e6ed5f6f9a3cf0b93b2d826b",
        "is_verified": false,
        "line_number": 246
      }
    ],
    "owner/tests/test_lead_discovery_routes.py": [
      {
        "type": "Secret Keyword",
        "filename": "owner/tests/test_lead_discovery_routes.py",
        "hashed_secret": "3acfb2c2b433c0ea7ff107e33df91b18e52f960f",
        "is_verified": false,
        "line_number": 46
      },
      {
        "type": "Secret Keyword",
        "filename": "owner/tests/test_lead_discovery_routes.py",
        "hashed_secret": "48a31b1ac160fd58485b4ad76eb97ebe8ad97a48",
        "is_verified": false,
        "line_number": 181
      }
    ],
    "owner/tests/test_observability_logging.py": [
      {
        "type": "Secret Keyword",
        "filename": "owner/tests/test_observability_logging.py",
        "hashed_secret": "fc8c5eb194806e31a213f073131e73b0012a0fb5",
        "is_verified": false,
        "line_number": 16
      },
      {
        "type": "Private Key",
        "filename": "owner/tests/test_observability_logging.py",
        "hashed_secret": "1348b145fa1a555461c1b790a2f66614781091e9",
        "is_verified": false,
        "line_number": 30
      },
      {
        "type": "Base64 High Entropy String",
        "filename": "owner/tests/test_observability_logging.py",
        "hashed_secret": "3587a729d8479e8868d03884eec16e4599f7103a",
        "is_verified": false,
        "line_number": 46
      }
    ],
    "owner/tests/test_phase6_migration.py": [
      {
        "type": "Hex High Entropy String",
        "filename": "owner/tests/test_phase6_migration.py",
        "hashed_secret": "eb2bae74ec23327305f5fe6b28cb507edde410d8",
        "is_verified": false,
        "line_number": 32
      }
    ],
    "owner/tests/test_phase6_security_controls.py": [
      {
        "type": "Secret Keyword",
        "filename": "owner/tests/test_phase6_security_controls.py",
        "hashed_secret": "23db4a729ecc6aa3f39f676bc1f59636e3c8c6bf",
        "is_verified": false,
        "line_number": 118
      }
    ],
    "owner/tests/test_phase9_5b_functional_validation.py": [
      {
        "type": "Secret Keyword",
        "filename": "owner/tests/test_phase9_5b_functional_validation.py",
        "hashed_secret": "2251dd4d35d8a968b50badb4c7ca6d81ad35a6c7",
        "is_verified": false,
        "line_number": 55
      }
    ],
    "owner/tests/test_phase9_5b_onboarding.py": [
      {
        "type": "Secret Keyword",
        "filename": "owner/tests/test_phase9_5b_onboarding.py",
        "hashed_secret": "2251dd4d35d8a968b50badb4c7ca6d81ad35a6c7",
        "is_verified": false,
        "line_number": 25
      }
    ],
    "owner/tests/test_phase9_5b_web_routes.py": [
      {
        "type": "Secret Keyword",
        "filename": "owner/tests/test_phase9_5b_web_routes.py",
        "hashed_secret": "2251dd4d35d8a968b50badb4c7ca6d81ad35a6c7",
        "is_verified": false,
        "line_number": 41
      }
    ],
    "owner/tests/test_phase9_5e_dev_server_port_isolation.py": [
      {
        "type": "Basic Auth Credentials",
        "filename": "owner/tests/test_phase9_5e_dev_server_port_isolation.py",
        "hashed_secret": "5ba1dc40a39537b9ab1cec098c4068a49b5bde7d",
        "is_verified": false,
        "line_number": 29
      }
    ],
    "owner/tests/test_phase9_5e_security_and_idor.py": [
      {
        "type": "Secret Keyword",
        "filename": "owner/tests/test_phase9_5e_security_and_idor.py",
        "hashed_secret": "1bcdf6a53ecbc40e4c2f376045fbdd6a9f4f7697",
        "is_verified": false,
        "line_number": 317
      }
    ],
    "owner/tests/test_phase9r_environment_separation.py": [
      {
        "type": "Basic Auth Credentials",
        "filename": "owner/tests/test_phase9r_environment_separation.py",
        "hashed_secret": "3ed9fbbd10ebd33819a3f1ca19555520a58cc16f",
        "is_verified": false,
        "line_number": 27
      },
      {
        "type": "Basic Auth Credentials",
        "filename": "owner/tests/test_phase9r_environment_separation.py",
        "hashed_secret": "5ba1dc40a39537b9ab1cec098c4068a49b5bde7d",
        "is_verified": false,
        "line_number": 99
      }
    ],
    "owner/tests/test_rbac.py": [
      {
        "type": "Secret Keyword",
        "filename": "owner/tests/test_rbac.py",
        "hashed_secret": "98a97783904ee0b502a597ba85c575278b14a511",
        "is_verified": false,
        "line_number": 7
      }
    ],
    "owner/tests/test_security.py": [
      {
        "type": "Secret Keyword",
        "filename": "owner/tests/test_security.py",
        "hashed_secret": "76a5011fa054eab088c73499e1af0b333fa28a43",
        "is_verified": false,
        "line_number": 85
      },
      {
        "type": "Secret Keyword",
        "filename": "owner/tests/test_security.py",
        "hashed_secret": "98a97783904ee0b502a597ba85c575278b14a511",
        "is_verified": false,
        "line_number": 119
      }
    ],
    "owner/tools/dev_server/port_isolation.py": [
      {
        "type": "Basic Auth Credentials",
        "filename": "owner/tools/dev_server/port_isolation.py",
        "hashed_secret": "5ba1dc40a39537b9ab1cec098c4068a49b5bde7d",
        "is_verified": false,
        "line_number": 208
      }
    ],
    "products/clinic/frontend/locales/en.json": [
      {
        "type": "Secret Keyword",
        "filename": "products/clinic/frontend/locales/en.json",
        "hashed_secret": "8be3c943b1609fffbfc51aad666d0a04adf83c9d",
        "is_verified": false,
        "line_number": 8
      }
    ],
    "products/clinic/tests/clinic_capability_guard_test.py": [
      {
        "type": "Secret Keyword",
        "filename": "products/clinic/tests/clinic_capability_guard_test.py",
        "hashed_secret": "e75adf20aca8d1358f27ae973e0850efee1fc480",
        "is_verified": false,
        "line_number": 70
      }
    ],
    "products/clinic/tests/clinic_einvoicing_regression_test.py": [
      {
        "type": "Secret Keyword",
        "filename": "products/clinic/tests/clinic_einvoicing_regression_test.py",
        "hashed_secret": "f3fe434489c5322dc90b1da90db82533b432a185",
        "is_verified": false,
        "line_number": 84
      }
    ],
    "products/clinic/tests/clinic_einvoicing_test.py": [
      {
        "type": "Secret Keyword",
        "filename": "products/clinic/tests/clinic_einvoicing_test.py",
        "hashed_secret": "7398ec485595a41bdf3ff796da3c942b0b8ecf4e",
        "is_verified": false,
        "line_number": 49
      }
    ],
    "products/clinic/tests/clinic_payment_wave0_test.py": [
      {
        "type": "Secret Keyword",
        "filename": "products/clinic/tests/clinic_payment_wave0_test.py",
        "hashed_secret": "0705c69f1b2744e5514eb481e5d209573e645c58",
        "is_verified": false,
        "line_number": 60
      }
    ],
    "products/clinic/tests/clinic_phase7_migration_test.py": [
      {
        "type": "Secret Keyword",
        "filename": "products/clinic/tests/clinic_phase7_migration_test.py",
        "hashed_secret": "d416468f162df6dbdb1f6b8f8fbae47a88101b1f",
        "is_verified": false,
        "line_number": 72
      }
    ],
    "products/clinic/tests/wave1c_financial_gate_test.py": [
      {
        "type": "Secret Keyword",
        "filename": "products/clinic/tests/wave1c_financial_gate_test.py",
        "hashed_secret": "8e9bb13977270d1db57decac994a05bd716d903e",
        "is_verified": false,
        "line_number": 80
      }
    ],
    "products/retail/frontend/locales/en.json": [
      {
        "type": "Secret Keyword",
        "filename": "products/retail/frontend/locales/en.json",
        "hashed_secret": "8be3c943b1609fffbfc51aad666d0a04adf83c9d",
        "is_verified": false,
        "line_number": 8
      },
      {
        "type": "Secret Keyword",
        "filename": "products/retail/frontend/locales/en.json",
        "hashed_secret": "94408e41c12e924b82da7ea6e79e5cb69ac9e042",
        "is_verified": false,
        "line_number": 775
      },
      {
        "type": "Secret Keyword",
        "filename": "products/retail/frontend/locales/en.json",
        "hashed_secret": "4f9f9c131024bbda7e9be202a9e7c43f4d05fbe4",
        "is_verified": false,
        "line_number": 777
      },
      {
        "type": "Secret Keyword",
        "filename": "products/retail/frontend/locales/en.json",
        "hashed_secret": "4a7c565d4c4430e3bb8fa6c560125d5eb37e7c3d",
        "is_verified": false,
        "line_number": 779
      }
    ],
    "products/retail/tests/launcher_support_test.py": [
      {
        "type": "Basic Auth Credentials",
        "filename": "products/retail/tests/launcher_support_test.py",
        "hashed_secret": "9d4e1e23bd5b727046a9e3b4b7db57bd8d6ee684",
        "is_verified": false,
        "line_number": 113
      }
    ],
    "products/retail/tests/retail_accounting_export_test.py": [
      {
        "type": "Secret Keyword",
        "filename": "products/retail/tests/retail_accounting_export_test.py",
        "hashed_secret": "3373abe53bba3e3d360dafec74f836349b85d48e",
        "is_verified": false,
        "line_number": 100
      }
    ],
    "products/retail/tests/retail_ar_ap_totals_test.py": [
      {
        "type": "Secret Keyword",
        "filename": "products/retail/tests/retail_ar_ap_totals_test.py",
        "hashed_secret": "06068af510f126a4b0ab0cfb34fdca4dd7af7d52",
        "is_verified": false,
        "line_number": 74
      }
    ],
    "products/retail/tests/retail_attribution_stamp_test.py": [
      {
        "type": "Hex High Entropy String",
        "filename": "products/retail/tests/retail_attribution_stamp_test.py",
        "hashed_secret": "4f54aec9315a17294aa612b68b6019911e2a06e2",
        "is_verified": false,
        "line_number": 92
      },
      {
        "type": "Secret Keyword",
        "filename": "products/retail/tests/retail_attribution_stamp_test.py",
        "hashed_secret": "84c9b810682d448513eaed2519d9f3c3e940586a",
        "is_verified": false,
        "line_number": 163
      }
    ],
    "products/retail/tests/retail_audit_log_test.py": [
      {
        "type": "Secret Keyword",
        "filename": "products/retail/tests/retail_audit_log_test.py",
        "hashed_secret": "12ed34164683c822bf5244726b0ab807b207ee6d",
        "is_verified": false,
        "line_number": 93
      }
    ],
    "products/retail/tests/retail_audit_write_failure_test.py": [
      {
        "type": "Secret Keyword",
        "filename": "products/retail/tests/retail_audit_write_failure_test.py",
        "hashed_secret": "35be6f2eebb64faf1dedcfab9dcfa98cc66ebbfd",
        "is_verified": false,
        "line_number": 70
      }
    ],
    "products/retail/tests/retail_backup_restore_test.py": [
      {
        "type": "Secret Keyword",
        "filename": "products/retail/tests/retail_backup_restore_test.py",
        "hashed_secret": "044a2abf5a22cb5256ffcb667bf51584f0da3047",
        "is_verified": false,
        "line_number": 234
      },
      {
        "type": "Secret Keyword",
        "filename": "products/retail/tests/retail_backup_restore_test.py",
        "hashed_secret": "6efc2118c9cb9fbc809a5f66e2e947dde1a9de93",
        "is_verified": false,
        "line_number": 259
      }
    ],
    "products/retail/tests/retail_business_day_route_test.py": [
      {
        "type": "Secret Keyword",
        "filename": "products/retail/tests/retail_business_day_route_test.py",
        "hashed_secret": "26a3a4eb2a808f09587d87901d28c084c9c02109",
        "is_verified": false,
        "line_number": 70
      }
    ],
    "products/retail/tests/retail_capability_guard_test.py": [
      {
        "type": "Secret Keyword",
        "filename": "products/retail/tests/retail_capability_guard_test.py",
        "hashed_secret": "e75adf20aca8d1358f27ae973e0850efee1fc480",
        "is_verified": false,
        "line_number": 65
      }
    ],
    "products/retail/tests/retail_cash_drawer_test.py": [
      {
        "type": "Secret Keyword",
        "filename": "products/retail/tests/retail_cash_drawer_test.py",
        "hashed_secret": "e99e3c57d97b7826dd936546f95d36f7346b1f5c",
        "is_verified": false,
        "line_number": 76
      }
    ],
    "products/retail/tests/retail_category_delete_route_test.py": [
      {
        "type": "Secret Keyword",
        "filename": "products/retail/tests/retail_category_delete_route_test.py",
        "hashed_secret": "dade80c46c9f0a90dae1612687f651302228a716",
        "is_verified": false,
        "line_number": 65
      }
    ],
    "products/retail/tests/retail_changed_field_delta_test.py": [
      {
        "type": "Secret Keyword",
        "filename": "products/retail/tests/retail_changed_field_delta_test.py",
        "hashed_secret": "ba83c9610ceb29287c41db0afcd3e3ce20a00357",
        "is_verified": false,
        "line_number": 96
      }
    ],
    "products/retail/tests/retail_customer_sync_test.py": [
      {
        "type": "Secret Keyword",
        "filename": "products/retail/tests/retail_customer_sync_test.py",
        "hashed_secret": "a93ceff24fe121e45de62e92deb970b9f84900d0",
        "is_verified": false,
        "line_number": 75
      }
    ],
    "products/retail/tests/retail_drawer_money_sweep_test.py": [
      {
        "type": "Secret Keyword",
        "filename": "products/retail/tests/retail_drawer_money_sweep_test.py",
        "hashed_secret": "63877f66751b4d16edf3c30b9f47be722d510305",
        "is_verified": false,
        "line_number": 129
      }
    ],
    "products/retail/tests/retail_drawer_terminal_scope_test.py": [
      {
        "type": "Secret Keyword",
        "filename": "products/retail/tests/retail_drawer_terminal_scope_test.py",
        "hashed_secret": "74e4f817944802fe032deba85807744cff7e9261",
        "is_verified": false,
        "line_number": 194
      }
    ],
    "products/retail/tests/retail_einvoicing_regression_test.py": [
      {
        "type": "Secret Keyword",
        "filename": "products/retail/tests/retail_einvoicing_regression_test.py",
        "hashed_secret": "f3fe434489c5322dc90b1da90db82533b432a185",
        "is_verified": false,
        "line_number": 157
      }
    ],
    "products/retail/tests/retail_einvoicing_test.py": [
      {
        "type": "Secret Keyword",
        "filename": "products/retail/tests/retail_einvoicing_test.py",
        "hashed_secret": "7398ec485595a41bdf3ff796da3c942b0b8ecf4e",
        "is_verified": false,
        "line_number": 55
      }
    ],
    "products/retail/tests/retail_email_outbox_test.py": [
      {
        "type": "Secret Keyword",
        "filename": "products/retail/tests/retail_email_outbox_test.py",
        "hashed_secret": "7c33749a5e5026a3bc39a35459de8fdb2f22e80d",
        "is_verified": false,
        "line_number": 84
      }
    ],
    "products/retail/tests/retail_email_verification_test.py": [
      {
        "type": "Secret Keyword",
        "filename": "products/retail/tests/retail_email_verification_test.py",
        "hashed_secret": "e55585bcb8f00fcf9bd3d42cc7d345f98a9fc984",
        "is_verified": false,
        "line_number": 110
      },
      {
        "type": "Secret Keyword",
        "filename": "products/retail/tests/retail_email_verification_test.py",
        "hashed_secret": "e1d27e84cd88485cd7d7f6af0eca4209b225b67c",
        "is_verified": false,
        "line_number": 136
      },
      {
        "type": "Secret Keyword",
        "filename": "products/retail/tests/retail_email_verification_test.py",
        "hashed_secret": "0e6c2cbc2ceb3dd1fada51d6bdc76a2a7f903721",
        "is_verified": false,
        "line_number": 144
      },
      {
        "type": "Secret Keyword",
        "filename": "products/retail/tests/retail_email_verification_test.py",
        "hashed_secret": "b03d4541c8f281d4d44776b22e05d92f1f701b8c",
        "is_verified": false,
        "line_number": 193
      },
      {
        "type": "Secret Keyword",
        "filename": "products/retail/tests/retail_email_verification_test.py",
        "hashed_secret": "07451478f24dcddc27465f610823703f45665419",
        "is_verified": false,
        "line_number": 210
      },
      {
        "type": "Secret Keyword",
        "filename": "products/retail/tests/retail_email_verification_test.py",
        "hashed_secret": "79cb36272df485ac4e45e108d7f03e397e1a80c7",
        "is_verified": false,
        "line_number": 241
      },
      {
        "type": "Secret Keyword",
        "filename": "products/retail/tests/retail_email_verification_test.py",
        "hashed_secret": "283e122d23edbe629338a427ec0c9396e6b15dcf",
        "is_verified": false,
        "line_number": 259
      },
      {
        "type": "Secret Keyword",
        "filename": "products/retail/tests/retail_email_verification_test.py",
        "hashed_secret": "126ccde34142f170a76ffcf3bdb5e6e0e5da9e03",
        "is_verified": false,
        "line_number": 313
      },
      {
        "type": "Secret Keyword",
        "filename": "products/retail/tests/retail_email_verification_test.py",
        "hashed_secret": "d6190e117fd10e008ab5fbb52b5af8cc8bd5f140",
        "is_verified": false,
        "line_number": 325
      }
    ],
    "products/retail/tests/retail_employee_code_after_sync_test.py": [
      {
        "type": "Secret Keyword",
        "filename": "products/retail/tests/retail_employee_code_after_sync_test.py",
        "hashed_secret": "f10cb40ef34ca02bc5ff6e024114a1bba02f0a88",
        "is_verified": false,
        "line_number": 58
      }
    ],
    "products/retail/tests/retail_employee_setup_link_test.js": [
      {
        "type": "Secret Keyword",
        "filename": "products/retail/tests/retail_employee_setup_link_test.js",
        "hashed_secret": "1a2f43384c04e77b8965ee307cb6eb2812124bb2",
        "is_verified": false,
        "line_number": 390
      }
    ],
    "products/retail/tests/retail_financial_authority_test.py": [
      {
        "type": "Secret Keyword",
        "filename": "products/retail/tests/retail_financial_authority_test.py",
        "hashed_secret": "b89b70493a1e5d8867524cd9bb348df0e1a22150",
        "is_verified": false,
        "line_number": 59
      }
    ],
    "products/retail/tests/retail_held_sales_test.py": [
      {
        "type": "Secret Keyword",
        "filename": "products/retail/tests/retail_held_sales_test.py",
        "hashed_secret": "4fe4aeb18153c6c350be7f2bfe2c89c63bd35502",
        "is_verified": false,
        "line_number": 61
      }
    ],
    "products/retail/tests/retail_metrics_consistency_test.py": [
      {
        "type": "Secret Keyword",
        "filename": "products/retail/tests/retail_metrics_consistency_test.py",
        "hashed_secret": "4a687a848ecd57eed79e2c6e2c60fb689d7c23c9",
        "is_verified": false,
        "line_number": 109
      }
    ],
    "products/retail/tests/retail_modifiers_test.py": [
      {
        "type": "Secret Keyword",
        "filename": "products/retail/tests/retail_modifiers_test.py",
        "hashed_secret": "940659e18d8afedd77a3d347c7f360c3368c789f",
        "is_verified": false,
        "line_number": 98
      }
    ],
    "products/retail/tests/retail_money_leak_runtime_sweep_test.py": [
      {
        "type": "Secret Keyword",
        "filename": "products/retail/tests/retail_money_leak_runtime_sweep_test.py",
        "hashed_secret": "4279cc0f7e1d00c060da1e3b2744d3b1499923dd",
        "is_verified": false,
        "line_number": 123
      }
    ],
    "products/retail/tests/retail_money_sync_test.py": [
      {
        "type": "Secret Keyword",
        "filename": "products/retail/tests/retail_money_sync_test.py",
        "hashed_secret": "c0f0b76a116cb422722b71ff744f57c86ee93b41",
        "is_verified": false,
        "line_number": 152
      }
    ],
    "products/retail/tests/retail_notification_money_format_test.py": [
      {
        "type": "Secret Keyword",
        "filename": "products/retail/tests/retail_notification_money_format_test.py",
        "hashed_secret": "e30aeeb4b1c60284b6862f3aeeea06e0bc21b42c",
        "is_verified": false,
        "line_number": 79
      }
    ],
    "products/retail/tests/retail_offline_sales_stop_test.py": [
      {
        "type": "Secret Keyword",
        "filename": "products/retail/tests/retail_offline_sales_stop_test.py",
        "hashed_secret": "f682b973cb5bf1cf8a0c7aa35d95a1d15f223cc0",
        "is_verified": false,
        "line_number": 196
      }
    ],
    "products/retail/tests/retail_onboarding_wave0_test.py": [
      {
        "type": "Secret Keyword",
        "filename": "products/retail/tests/retail_onboarding_wave0_test.py",
        "hashed_secret": "075333e711e39a50382dce2952e846f3b18ff974",
        "is_verified": false,
        "line_number": 61
      },
      {
        "type": "Secret Keyword",
        "filename": "products/retail/tests/retail_onboarding_wave0_test.py",
        "hashed_secret": "f8a836f0236885898244bd6bdefb778b4a9e5f28",
        "is_verified": false,
        "line_number": 82
      },
      {
        "type": "Secret Keyword",
        "filename": "products/retail/tests/retail_onboarding_wave0_test.py",
        "hashed_secret": "a0166ba9f5f94b87d59bd2038d2551f3d6f22d3a",
        "is_verified": false,
        "line_number": 121
      },
      {
        "type": "Secret Keyword",
        "filename": "products/retail/tests/retail_onboarding_wave0_test.py",
        "hashed_secret": "c759e3d9de9d76fdc4ce4221640510b5612658f3",
        "is_verified": false,
        "line_number": 154
      }
    ],
    "products/retail/tests/retail_page_limit_clamp_test.py": [
      {
        "type": "Secret Keyword",
        "filename": "products/retail/tests/retail_page_limit_clamp_test.py",
        "hashed_secret": "41e7a3bdcdb7e548c0522d4555f88badb44f1e96",
        "is_verified": false,
        "line_number": 133
      }
    ],
    "products/retail/tests/retail_phase7_migration_test.py": [
      {
        "type": "Secret Keyword",
        "filename": "products/retail/tests/retail_phase7_migration_test.py",
        "hashed_secret": "d416468f162df6dbdb1f6b8f8fbae47a88101b1f",
        "is_verified": false,
        "line_number": 55
      }
    ],
    "products/retail/tests/retail_product_barcode_uniqueness_test.py": [
      {
        "type": "Secret Keyword",
        "filename": "products/retail/tests/retail_product_barcode_uniqueness_test.py",
        "hashed_secret": "381e720f719100964ba969517a49112c3978217d",
        "is_verified": false,
        "line_number": 74
      }
    ],
    "products/retail/tests/retail_product_lookup_nocase_test.py": [
      {
        "type": "Secret Keyword",
        "filename": "products/retail/tests/retail_product_lookup_nocase_test.py",
        "hashed_secret": "63b1fcd31303f9eab789e027a45fadb1790ff5a7",
        "is_verified": false,
        "line_number": 101
      }
    ],
    "products/retail/tests/retail_product_lookup_test.py": [
      {
        "type": "Secret Keyword",
        "filename": "products/retail/tests/retail_product_lookup_test.py",
        "hashed_secret": "6f379565155eb7fa3b6e6a3595d6f97da8da1c31",
        "is_verified": false,
        "line_number": 130
      }
    ],
    "products/retail/tests/retail_product_supplier_tenancy_test.py": [
      {
        "type": "Secret Keyword",
        "filename": "products/retail/tests/retail_product_supplier_tenancy_test.py",
        "hashed_secret": "bea8d11444b7b4fc19fcd5bd4bc82d0aa9b8321a",
        "is_verified": false,
        "line_number": 82
      }
    ],
    "products/retail/tests/retail_product_sync_test.py": [
      {
        "type": "Secret Keyword",
        "filename": "products/retail/tests/retail_product_sync_test.py",
        "hashed_secret": "86dfb2b3c2df9fb5af3f2a028b6a362d2619b1fa",
        "is_verified": false,
        "line_number": 73
      }
    ],
    "products/retail/tests/retail_product_variants_test.py": [
      {
        "type": "Secret Keyword",
        "filename": "products/retail/tests/retail_product_variants_test.py",
        "hashed_secret": "ac296299de580a2d391fc14dfdae4c521adccbf3",
        "is_verified": false,
        "line_number": 84
      }
    ],
    "products/retail/tests/retail_promotions_test.py": [
      {
        "type": "Secret Keyword",
        "filename": "products/retail/tests/retail_promotions_test.py",
        "hashed_secret": "a1e34898474cc20a07874a589eed47856015ea84",
        "is_verified": false,
        "line_number": 105
      }
    ],
    "products/retail/tests/retail_registry_v3_accounts_test.py": [
      {
        "type": "Secret Keyword",
        "filename": "products/retail/tests/retail_registry_v3_accounts_test.py",
        "hashed_secret": "46a8bc8e6e7e2db493775f4f764cc0c1836e9ad8",
        "is_verified": false,
        "line_number": 621
      }
    ],
    "products/retail/tests/retail_registry_v4_activation_split_state_test.py": [
      {
        "type": "Secret Keyword",
        "filename": "products/retail/tests/retail_registry_v4_activation_split_state_test.py",
        "hashed_secret": "44cd517a6bccd553d5db6ac98c8305fc1ada5d74",
        "is_verified": false,
        "line_number": 130
      }
    ],
    "products/retail/tests/retail_reorder_hook_regression_test.py": [
      {
        "type": "Secret Keyword",
        "filename": "products/retail/tests/retail_reorder_hook_regression_test.py",
        "hashed_secret": "0906c511fa2e9fdee7fff4ce4191cfe27ab399d5",
        "is_verified": false,
        "line_number": 78
      }
    ],
    "products/retail/tests/retail_reorder_sync_test.py": [
      {
        "type": "Secret Keyword",
        "filename": "products/retail/tests/retail_reorder_sync_test.py",
        "hashed_secret": "528080fee24c9755592d3e4d4d9600dba6e82f72",
        "is_verified": false,
        "line_number": 87
      }
    ],
    "products/retail/tests/retail_report_branch_filter_test.py": [
      {
        "type": "Secret Keyword",
        "filename": "products/retail/tests/retail_report_branch_filter_test.py",
        "hashed_secret": "ebbd171938460a76960dd6d825c154b584d7280e",
        "is_verified": false,
        "line_number": 71
      }
    ],
    "products/retail/tests/retail_report_clock_agreement_test.py": [
      {
        "type": "Secret Keyword",
        "filename": "products/retail/tests/retail_report_clock_agreement_test.py",
        "hashed_secret": "39c3757d4a9adec75b0d2e8a68e9bbe9c20bbb23",
        "is_verified": false,
        "line_number": 209
      }
    ],
    "products/retail/tests/retail_report_clock_money_disclosure_test.py": [
      {
        "type": "Secret Keyword",
        "filename": "products/retail/tests/retail_report_clock_money_disclosure_test.py",
        "hashed_secret": "8557bad14205c5fdfd32db4c6b99eed1d4463707",
        "is_verified": false,
        "line_number": 129
      }
    ],
    "products/retail/tests/retail_report_totals_fils_test.py": [
      {
        "type": "Secret Keyword",
        "filename": "products/retail/tests/retail_report_totals_fils_test.py",
        "hashed_secret": "12b51775317730bffdb274c7a3b767072dfe4451",
        "is_verified": false,
        "line_number": 54
      }
    ],
    "products/retail/tests/retail_reports_by_employee_actor_lookup_test.py": [
      {
        "type": "Secret Keyword",
        "filename": "products/retail/tests/retail_reports_by_employee_actor_lookup_test.py",
        "hashed_secret": "d1b3d2f561facd2aa4d625988a26e52f5ec1f5ef",
        "is_verified": false,
        "line_number": 80
      }
    ],
    "products/retail/tests/retail_reports_by_employee_route_test.py": [
      {
        "type": "Secret Keyword",
        "filename": "products/retail/tests/retail_reports_by_employee_route_test.py",
        "hashed_secret": "a41ec577e834efe91a5eedea01c73958ded9d029",
        "is_verified": false,
        "line_number": 86
      }
    ],
    "products/retail/tests/retail_reports_by_employee_shop_clock_test.py": [
      {
        "type": "Secret Keyword",
        "filename": "products/retail/tests/retail_reports_by_employee_shop_clock_test.py",
        "hashed_secret": "f5b338d7a71d2288d7db7d5a8890331f75066d1c",
        "is_verified": false,
        "line_number": 234
      }
    ],
    "products/retail/tests/retail_returns_wave0_test.py": [
      {
        "type": "Secret Keyword",
        "filename": "products/retail/tests/retail_returns_wave0_test.py",
        "hashed_secret": "1d224a714ad1218814db56fb3b661f34793849a9",
        "is_verified": false,
        "line_number": 57
      }
    ],
    "products/retail/tests/retail_settings_sync_emit_test.py": [
      {
        "type": "Secret Keyword",
        "filename": "products/retail/tests/retail_settings_sync_emit_test.py",
        "hashed_secret": "1dd72d9e5cd19bc6ca798fd1331b9f4115f8fe56",
        "is_verified": false,
        "line_number": 50
      }
    ],
    "products/retail/tests/retail_shift_close_email_test.py": [
      {
        "type": "Secret Keyword",
        "filename": "products/retail/tests/retail_shift_close_email_test.py",
        "hashed_secret": "9a9d788b095e766784d035086f097dbf4b15eab6",
        "is_verified": false,
        "line_number": 74
      }
    ],
    "products/retail/tests/retail_stock_sync_test.py": [
      {
        "type": "Secret Keyword",
        "filename": "products/retail/tests/retail_stock_sync_test.py",
        "hashed_secret": "4c3f86c69bd965ba629a32dda12dc0457aa503f6",
        "is_verified": false,
        "line_number": 120
      }
    ],
    "products/retail/tests/retail_supplier_sync_test.py": [
      {
        "type": "Secret Keyword",
        "filename": "products/retail/tests/retail_supplier_sync_test.py",
        "hashed_secret": "6e2d12ef7a9f0c523c051953e62b2c239c76dc1a",
        "is_verified": false,
        "line_number": 75
      }
    ],
    "products/retail/tests/retail_sync_relay_url_validation_test.py": [
      {
        "type": "Basic Auth Credentials",
        "filename": "products/retail/tests/retail_sync_relay_url_validation_test.py",
        "hashed_secret": "1a91d62f7ca67399625a4368a6ab5d4a3baa6073",
        "is_verified": false,
        "line_number": 83
      }
    ],
    "products/retail/tests/retail_two_install_roundtrip_test.py": [
      {
        "type": "Secret Keyword",
        "filename": "products/retail/tests/retail_two_install_roundtrip_test.py",
        "hashed_secret": "0ea124f8a1c72309f690aac227b40db3f4bb9a7e",
        "is_verified": false,
        "line_number": 119
      }
    ],
    "products/retail/tests/retail_v17_row_version_bump_test.py": [
      {
        "type": "Secret Keyword",
        "filename": "products/retail/tests/retail_v17_row_version_bump_test.py",
        "hashed_secret": "9937ef34b506975a6e9b5e01f1f38634feba4beb",
        "is_verified": false,
        "line_number": 83
      }
    ],
    "products/retail/tests/retail_whatsapp_outbox_test.py": [
      {
        "type": "Secret Keyword",
        "filename": "products/retail/tests/retail_whatsapp_outbox_test.py",
        "hashed_secret": "6207333c17f480b3c8621708e8f05f4e872817c6",
        "is_verified": false,
        "line_number": 81
      }
    ],
    "products/retail/tests/wave1c_financial_gate_test.py": [
      {
        "type": "Secret Keyword",
        "filename": "products/retail/tests/wave1c_financial_gate_test.py",
        "hashed_secret": "8e9bb13977270d1db57decac994a05bd716d903e",
        "is_verified": false,
        "line_number": 72
      }
    ],
    "scripts/ops/branch_limit_e2e.py": [
      {
        "type": "Secret Keyword",
        "filename": "scripts/ops/branch_limit_e2e.py",
        "hashed_secret": "4183a111e32e0f95d08f96632c9409dbacca9481",
        "is_verified": false,
        "line_number": 20
      }
    ],
    "scripts/ops/branch_rename_e2e.py": [
      {
        "type": "Secret Keyword",
        "filename": "scripts/ops/branch_rename_e2e.py",
        "hashed_secret": "4183a111e32e0f95d08f96632c9409dbacca9481",
        "is_verified": false,
        "line_number": 12
      },
      {
        "type": "Secret Keyword",
        "filename": "scripts/ops/branch_rename_e2e.py",
        "hashed_secret": "3cdb7b3223f30fb2b28e5e18bd6025e0d2fb98de",
        "is_verified": false,
        "line_number": 13
      }
    ],
    "scripts/ops/cleanup_test_rows.py": [
      {
        "type": "Secret Keyword",
        "filename": "scripts/ops/cleanup_test_rows.py",
        "hashed_secret": "4183a111e32e0f95d08f96632c9409dbacca9481",
        "is_verified": false,
        "line_number": 15
      },
      {
        "type": "Secret Keyword",
        "filename": "scripts/ops/cleanup_test_rows.py",
        "hashed_secret": "3cdb7b3223f30fb2b28e5e18bd6025e0d2fb98de",
        "is_verified": false,
        "line_number": 16
      }
    ],
    "scripts/ops/join_e2e.py": [
      {
        "type": "Secret Keyword",
        "filename": "scripts/ops/join_e2e.py",
        "hashed_secret": "4183a111e32e0f95d08f96632c9409dbacca9481",
        "is_verified": false,
        "line_number": 22
      }
    ],
    "scripts/ops/phone_after_update.py": [
      {
        "type": "Secret Keyword",
        "filename": "scripts/ops/phone_after_update.py",
        "hashed_secret": "4183a111e32e0f95d08f96632c9409dbacca9481",
        "is_verified": false,
        "line_number": 20
      },
      {
        "type": "Secret Keyword",
        "filename": "scripts/ops/phone_after_update.py",
        "hashed_secret": "4f6be51d26767f09bd9bc52db87b6a6d7c0485b9",
        "is_verified": false,
        "line_number": 21
      }
    ],
    "scripts/ops/phone_join_door.py": [
      {
        "type": "Secret Keyword",
        "filename": "scripts/ops/phone_join_door.py",
        "hashed_secret": "4183a111e32e0f95d08f96632c9409dbacca9481",
        "is_verified": false,
        "line_number": 40
      }
    ],
    "scripts/ops/phone_offline_and_staff.py": [
      {
        "type": "Secret Keyword",
        "filename": "scripts/ops/phone_offline_and_staff.py",
        "hashed_secret": "4183a111e32e0f95d08f96632c9409dbacca9481",
        "is_verified": false,
        "line_number": 21
      }
    ],
    "scripts/ops/phone_roundtrip.ps1": [
      {
        "type": "Basic Auth Credentials",
        "filename": "scripts/ops/phone_roundtrip.ps1",
        "hashed_secret": "5ba1dc40a39537b9ab1cec098c4068a49b5bde7d",
        "is_verified": false,
        "line_number": 54
      },
      {
        "type": "Secret Keyword",
        "filename": "scripts/ops/phone_roundtrip.ps1",
        "hashed_secret": "51a8f3d75a983d82ea33a8ecc3d0ff65fe9bb559",
        "is_verified": false,
        "line_number": 64
      },
      {
        "type": "Secret Keyword",
        "filename": "scripts/ops/phone_roundtrip.ps1",
        "hashed_secret": "0e524f48e926fc383a17df6dad46cca6e9ec3a56",
        "is_verified": false,
        "line_number": 71
      }
    ],
    "scripts/ops/phone_theme_check.py": [
      {
        "type": "Secret Keyword",
        "filename": "scripts/ops/phone_theme_check.py",
        "hashed_secret": "cef469050c18118136e2dda84d3a89ef54aaf8c0",
        "is_verified": false,
        "line_number": 21
      }
    ],
    "scripts/ops/rehearsal_up.ps1": [
      {
        "type": "Basic Auth Credentials",
        "filename": "scripts/ops/rehearsal_up.ps1",
        "hashed_secret": "5ba1dc40a39537b9ab1cec098c4068a49b5bde7d",
        "is_verified": false,
        "line_number": 33
      },
      {
        "type": "Secret Keyword",
        "filename": "scripts/ops/rehearsal_up.ps1",
        "hashed_secret": "51a8f3d75a983d82ea33a8ecc3d0ff65fe9bb559",
        "is_verified": false,
        "line_number": 35
      }
    ],
    "scripts/ops/third_till_pre_activation.py": [
      {
        "type": "Secret Keyword",
        "filename": "scripts/ops/third_till_pre_activation.py",
        "hashed_secret": "3cdb7b3223f30fb2b28e5e18bd6025e0d2fb98de",
        "is_verified": false,
        "line_number": 19
      },
      {
        "type": "Secret Keyword",
        "filename": "scripts/ops/third_till_pre_activation.py",
        "hashed_secret": "4183a111e32e0f95d08f96632c9409dbacca9481",
        "is_verified": false,
        "line_number": 21
      }
    ],
    "scripts/ops/two_device_convergence.py": [
      {
        "type": "Secret Keyword",
        "filename": "scripts/ops/two_device_convergence.py",
        "hashed_secret": "4183a111e32e0f95d08f96632c9409dbacca9481",
        "is_verified": false,
        "line_number": 23
      },
      {
        "type": "Secret Keyword",
        "filename": "scripts/ops/two_device_convergence.py",
        "hashed_secret": "4f6be51d26767f09bd9bc52db87b6a6d7c0485b9",
        "is_verified": false,
        "line_number": 24
      }
    ],
    "scripts/ops/two_till_owner_login.py": [
      {
        "type": "Secret Keyword",
        "filename": "scripts/ops/two_till_owner_login.py",
        "hashed_secret": "4183a111e32e0f95d08f96632c9409dbacca9481",
        "is_verified": false,
        "line_number": 20
      },
      {
        "type": "Secret Keyword",
        "filename": "scripts/ops/two_till_owner_login.py",
        "hashed_secret": "3cdb7b3223f30fb2b28e5e18bd6025e0d2fb98de",
        "is_verified": false,
        "line_number": 21
      }
    ],
    "scripts/ops/two_till_settings.py": [
      {
        "type": "Secret Keyword",
        "filename": "scripts/ops/two_till_settings.py",
        "hashed_secret": "4183a111e32e0f95d08f96632c9409dbacca9481",
        "is_verified": false,
        "line_number": 15
      },
      {
        "type": "Secret Keyword",
        "filename": "scripts/ops/two_till_settings.py",
        "hashed_secret": "3cdb7b3223f30fb2b28e5e18bd6025e0d2fb98de",
        "is_verified": false,
        "line_number": 16
      }
    ],
    "scripts/ops/verify_pepper.py": [
      {
        "type": "Basic Auth Credentials",
        "filename": "scripts/ops/verify_pepper.py",
        "hashed_secret": "5ba1dc40a39537b9ab1cec098c4068a49b5bde7d",
        "is_verified": false,
        "line_number": 35
      }
    ],
    "scripts/seed_demo_sweets.py": [
      {
        "type": "Hex High Entropy String",
        "filename": "scripts/seed_demo_sweets.py",
        "hashed_secret": "ba89cded25629c4783be3f969bfc64634106bdaf",
        "is_verified": false,
        "line_number": 15
      }
    ],
    "scripts/sync/sync.config": [
      {
        "type": "Secret Keyword",
        "filename": "scripts/sync/sync.config",
        "hashed_secret": "5ffe533b830f08a0326348a9160afafc8ada44db",
        "is_verified": false,
        "line_number": 31
      }
    ],
    "scripts/ui-sweep/owner_bootstrap.sh": [
      {
        "type": "Basic Auth Credentials",
        "filename": "scripts/ui-sweep/owner_bootstrap.sh",
        "hashed_secret": "5ba1dc40a39537b9ab1cec098c4068a49b5bde7d",
        "is_verified": false,
        "line_number": 15
      },
      {
        "type": "Secret Keyword",
        "filename": "scripts/ui-sweep/owner_bootstrap.sh",
        "hashed_secret": "8dd5bb656c93a8b36bdfe228c2a20c0019159fb6",
        "is_verified": false,
        "line_number": 16
      },
      {
        "type": "Secret Keyword",
        "filename": "scripts/ui-sweep/owner_bootstrap.sh",
        "hashed_secret": "7783bee46dfb9605a60be73d3ab6ebdfd712bace",
        "is_verified": false,
        "line_number": 38
      }
    ],
    "scripts/ui-sweep/owner_overflow_scan.py": [
      {
        "type": "Secret Keyword",
        "filename": "scripts/ui-sweep/owner_overflow_scan.py",
        "hashed_secret": "1380c3b165f085e4760388b479b16b6a972364d6",
        "is_verified": false,
        "line_number": 34
      }
    ],
    "scripts/ui-sweep/owner_serve.py": [
      {
        "type": "Basic Auth Credentials",
        "filename": "scripts/ui-sweep/owner_serve.py",
        "hashed_secret": "5ba1dc40a39537b9ab1cec098c4068a49b5bde7d",
        "is_verified": false,
        "line_number": 13
      }
    ],
    "scripts/ui-sweep/owner_ui_sweep.py": [
      {
        "type": "Secret Keyword",
        "filename": "scripts/ui-sweep/owner_ui_sweep.py",
        "hashed_secret": "1380c3b165f085e4760388b479b16b6a972364d6",
        "is_verified": false,
        "line_number": 33
      }
    ],
    "scripts/ui-sweep/retail_overflow_scan.py": [
      {
        "type": "Secret Keyword",
        "filename": "scripts/ui-sweep/retail_overflow_scan.py",
        "hashed_secret": "8983d17e72473a6a4ccf5efc1cbb42bca627ec2a",
        "is_verified": false,
        "line_number": 44
      }
    ],
    "scripts/ui-sweep/retail_ui_sweep.py": [
      {
        "type": "Secret Keyword",
        "filename": "scripts/ui-sweep/retail_ui_sweep.py",
        "hashed_secret": "e36b9406d8773cdcbcafd18b6060b827975e77b9",
        "is_verified": false,
        "line_number": 52
      }
    ]
  },
  "generated_at": "2026-09-07T18:07:26Z"
}
